Component: ARM Compiler 5.05 update 1 (build 106) Tool: armlink [4d0efa]

==============================================================================

Section Cross References

    heap_4.o(i.prvHeapInit) refers to heap_4.o(.bss) for ucHeap
    heap_4.o(i.prvHeapInit) refers to heap_4.o(.data) for xStart
    heap_4.o(i.prvInsertBlockIntoFreeList) refers to heap_4.o(.data) for xStart
    heap_4.o(i.pvPortMalloc) refers to tasks.o(i.vTaskSuspendAll) for vTaskSuspendAll
    heap_4.o(i.pvPortMalloc) refers to heap_4.o(i.prvHeapInit) for prvHeapInit
    heap_4.o(i.pvPortMalloc) refers to heap_4.o(i.prvInsertBlockIntoFreeList) for prvInsertBlockIntoFreeList
    heap_4.o(i.pvPortMalloc) refers to tasks.o(i.xTaskResumeAll) for xTaskResumeAll
    heap_4.o(i.pvPortMalloc) refers to heap_4.o(.data) for pxEnd
    heap_4.o(i.vPortFree) refers to tasks.o(i.vTaskSuspendAll) for vTaskSuspendAll
    heap_4.o(i.vPortFree) refers to heap_4.o(i.prvInsertBlockIntoFreeList) for prvInsertBlockIntoFreeList
    heap_4.o(i.vPortFree) refers to tasks.o(i.xTaskResumeAll) for xTaskResumeAll
    heap_4.o(i.vPortFree) refers to heap_4.o(.data) for xBlockAllocatedBit
    heap_4.o(i.xPortGetFreeHeapSize) refers to heap_4.o(.data) for xFreeBytesRemaining
    heap_4.o(i.xPortGetMinimumEverFreeHeapSize) refers to heap_4.o(.data) for xMinimumEverFreeBytesRemaining
    port.o(.emb_text) refers to tasks.o(i.vTaskSwitchContext) for vTaskSwitchContext
    port.o(.emb_text) refers to tasks.o(.data) for pxCurrentTCB
    port.o(i.pxPortInitialiseStack) refers to port.o(i.prvTaskExitError) for prvTaskExitError
    port.o(i.vPortEnterCritical) refers to port.o(.data) for uxCriticalNesting
    port.o(i.vPortExitCritical) refers to port.o(.data) for uxCriticalNesting
    port.o(i.vPortSetupTimerInterrupt) refers to system_stm32f4xx.o(.data) for SystemCoreClock
    port.o(i.xPortStartScheduler) refers to port.o(i.vPortSetupTimerInterrupt) for vPortSetupTimerInterrupt
    port.o(i.xPortStartScheduler) refers to port.o(.emb_text) for __asm___6_port_c_39a90d8d__prvEnableVFP
    port.o(i.xPortStartScheduler) refers to port.o(.data) for uxCriticalNesting
    port.o(i.xPortSysTickHandler) refers to tasks.o(i.xTaskIncrementTick) for xTaskIncrementTick
    event_groups.o(i.vEventGroupClearBitsCallback) refers to event_groups.o(i.xEventGroupClearBits) for xEventGroupClearBits
    event_groups.o(i.vEventGroupDelete) refers to tasks.o(i.vTaskSuspendAll) for vTaskSuspendAll
    event_groups.o(i.vEventGroupDelete) refers to tasks.o(i.xTaskRemoveFromUnorderedEventList) for xTaskRemoveFromUnorderedEventList
    event_groups.o(i.vEventGroupDelete) refers to heap_4.o(i.vPortFree) for vPortFree
    event_groups.o(i.vEventGroupDelete) refers to tasks.o(i.xTaskResumeAll) for xTaskResumeAll
    event_groups.o(i.vEventGroupSetBitsCallback) refers to event_groups.o(i.xEventGroupSetBits) for xEventGroupSetBits
    event_groups.o(i.xEventGroupClearBits) refers to port.o(i.vPortEnterCritical) for vPortEnterCritical
    event_groups.o(i.xEventGroupClearBits) refers to port.o(i.vPortExitCritical) for vPortExitCritical
    event_groups.o(i.xEventGroupCreate) refers to heap_4.o(i.pvPortMalloc) for pvPortMalloc
    event_groups.o(i.xEventGroupCreate) refers to list.o(i.vListInitialise) for vListInitialise
    event_groups.o(i.xEventGroupSetBits) refers to tasks.o(i.vTaskSuspendAll) for vTaskSuspendAll
    event_groups.o(i.xEventGroupSetBits) refers to tasks.o(i.xTaskRemoveFromUnorderedEventList) for xTaskRemoveFromUnorderedEventList
    event_groups.o(i.xEventGroupSetBits) refers to tasks.o(i.xTaskResumeAll) for xTaskResumeAll
    event_groups.o(i.xEventGroupSync) refers to tasks.o(i.vTaskSuspendAll) for vTaskSuspendAll
    event_groups.o(i.xEventGroupSync) refers to event_groups.o(i.xEventGroupSetBits) for xEventGroupSetBits
    event_groups.o(i.xEventGroupSync) refers to tasks.o(i.vTaskPlaceOnUnorderedEventList) for vTaskPlaceOnUnorderedEventList
    event_groups.o(i.xEventGroupSync) refers to tasks.o(i.xTaskResumeAll) for xTaskResumeAll
    event_groups.o(i.xEventGroupSync) refers to tasks.o(i.uxTaskResetEventItemValue) for uxTaskResetEventItemValue
    event_groups.o(i.xEventGroupSync) refers to port.o(i.vPortEnterCritical) for vPortEnterCritical
    event_groups.o(i.xEventGroupSync) refers to port.o(i.vPortExitCritical) for vPortExitCritical
    event_groups.o(i.xEventGroupWaitBits) refers to tasks.o(i.vTaskSuspendAll) for vTaskSuspendAll
    event_groups.o(i.xEventGroupWaitBits) refers to event_groups.o(i.prvTestWaitCondition) for prvTestWaitCondition
    event_groups.o(i.xEventGroupWaitBits) refers to tasks.o(i.vTaskPlaceOnUnorderedEventList) for vTaskPlaceOnUnorderedEventList
    event_groups.o(i.xEventGroupWaitBits) refers to tasks.o(i.xTaskResumeAll) for xTaskResumeAll
    event_groups.o(i.xEventGroupWaitBits) refers to tasks.o(i.uxTaskResetEventItemValue) for uxTaskResetEventItemValue
[...]
    printf3.o(i.__0vfprintf$3) refers to printf3.o(i._printf_core) for _printf_core
    printf3.o(i.__0vfprintf$3) refers to usart1.o(i.fputc) for fputc
    printf3.o(i.__0vprintf$3) refers to printf3.o(i._printf_core) for _printf_core
    printf3.o(i.__0vprintf$3) refers to usart1.o(i.fputc) for fputc
    printf3.o(i.__0vprintf$3) refers to stdout.o(.data) for __stdout
    printf3.o(i.__0vsnprintf$3) refers to printf3.o(i._printf_core) for _printf_core
    printf3.o(i.__0vsnprintf$3) refers to printf3.o(i._snputc) for _snputc
    printf3.o(i.__0vsprintf$3) refers to printf3.o(i._printf_core) for _printf_core
    printf3.o(i.__0vsprintf$3) refers to printf3.o(i._sputc) for _sputc
    printf3.o(i._printf_core) refers to uidiv.o(.text) for __aeabi_uidivmod
    printf4.o(i.__0fprintf$4) refers to printf4.o(i._printf_core) for _printf_core
    printf4.o(i.__0fprintf$4) refers to usart1.o(i.fputc) for fputc
    printf4.o(i.__0printf$4) refers to printf4.o(i._printf_core) for _printf_core
    printf4.o(i.__0printf$4) refers to usart1.o(i.fputc) for fputc
    printf4.o(i.__0printf$4) refers to stdout.o(.data) for __stdout
    printf4.o(i.__0snprintf$4) refers to printf4.o(i._printf_core) for _printf_core
    printf4.o(i.__0snprintf$4) refers to printf4.o(i._snputc) for _snputc
    printf4.o(i.__0sprintf$4) refers to printf4.o(i._printf_core) for _printf_core
    printf4.o(i.__0sprintf$4) refers to printf4.o(i._sputc) for _sputc
    printf4.o(i.__0vfprintf$4) refers to printf4.o(i._printf_core) for _printf_core
    printf4.o(i.__0vfprintf$4) refers to usart1.o(i.fputc) for fputc
    printf4.o(i.__0vprintf$4) refers to printf4.o(i._printf_core) for _printf_core
    printf4.o(i.__0vprintf$4) refers to usart1.o(i.fputc) for fputc
    printf4.o(i.__0vprintf$4) refers to stdout.o(.data) for __stdout
    printf4.o(i.__0vsnprintf$4) refers to printf4.o(i._printf_core) for _printf_core
    printf4.o(i.__0vsnprintf$4) refers to printf4.o(i._snputc) for _snputc
    printf4.o(i.__0vsprintf$4) refers to printf4.o(i._printf_core) for _printf_core
    printf4.o(i.__0vsprintf$4) refers to printf4.o(i._sputc) for _sputc
    printf4.o(i._printf_core) refers to uldiv.o(.text) for __aeabi_uldivmod
    printf5.o(i.__0fprintf$5) refers to printf5.o(i._printf_core) for _printf_core
    printf5.o(i.__0fprintf$5) refers to usart1.o(i.fputc) for fputc
    printf5.o(i.__0printf$5) refers to printf5.o(i._printf_core) for _printf_core
    printf5.o(i.__0printf$5) refers to usart1.o(i.fputc) for fputc
    printf5.o(i.__0printf$5) refers to stdout.o(.data) for __stdout
    printf5.o(i.__0snprintf$5) refers to printf5.o(i._printf_core) for _printf_core
    printf5.o(i.__0snprintf$5) refers to printf5.o(i._snputc) for _snputc
    printf5.o(i.__0sprintf$5) refers to printf5.o(i._printf_core) for _printf_core
    printf5.o(i.__0sprintf$5) refers to printf5.o(i._sputc) for _sputc
    printf5.o(i.__0vfprintf$5) refers to printf5.o(i._printf_core) for _printf_core
    printf5.o(i.__0vfprintf$5) refers to usart1.o(i.fputc) for fputc
    printf5.o(i.__0vprintf$5) refers to printf5.o(i._printf_core) for _printf_core
    printf5.o(i.__0vprintf$5) refers to usart1.o(i.fputc) for fputc
    printf5.o(i.__0vprintf$5) refers to stdout.o(.data) for __stdout
    printf5.o(i.__0vsnprintf$5) refers to printf5.o(i._printf_core) for _printf_core
    printf5.o(i.__0vsnprintf$5) refers to printf5.o(i._snputc) for _snputc
    printf5.o(i.__0vsprintf$5) refers to printf5.o(i._printf_core) for _printf_core
    printf5.o(i.__0vsprintf$5) refers to printf5.o(i._sputc) for _sputc
    printf5.o(i._printf_core) refers to uldiv.o(.text) for __aeabi_uldivmod
    printf6.o(i.__0fprintf$6) refers to printf6.o(i._printf_core) for _printf_core
    printf6.o(i.__0fprintf$6) refers to usart1.o(i.fputc) for fputc
    printf6.o(i.__0printf$6) refers to printf6.o(i._printf_core) for _printf_core
    printf6.o(i.__0printf$6) refers to usart1.o(i.fputc) for fputc
    printf6.o(i.__0printf$6) refers to stdout.o(.data) for __stdout
    printf6.o(i.__0snprintf$6) refers to printf6.o(i._printf_core) for _printf_core
    printf6.o(i.__0snprintf$6) refers to printf6.o(i._snputc) for _snputc
    printf6.o(i.__0sprintf$6) refers to printf6.o(i._printf_core) for _printf_core
    printf6.o(i.__0sprintf$6) refers to printf6.o(i._sputc) for _sputc
    printf6.o(i.__0vfprintf$6) refers to printf6.o(i._printf_core) for _printf_core
    printf6.o(i.__0vfprintf$6) refers to usart1.o(i.fputc) for fputc
    printf6.o(i.__0vprintf$6) refers to printf6.o(i._printf_core) for _printf_core
    printf6.o(i.__0vprintf$6) refers to usart1.o(i.fputc) for fputc
    printf6.o(i.__0vprintf$6) refers to stdout.o(.data) for __stdout
    printf6.o(i.__0vsnprintf$6) refers to printf6.o(i._printf_core) for _printf_core
    printf6.o(i.__0vsnprintf$6) refers to printf6.o(i._snputc) for _snputc
    printf6.o(i.__0vsprintf$6) refers to printf6.o(i._printf_core) for _printf_core
    printf6.o(i.__0vsprintf$6) refers to printf6.o(i._sputc) for _sputc
    printf6.o(i._printf_core) refers to printf6.o(i._printf_pre_padding) for _printf_pre_padding
    printf6.o(i._printf_core) refers to uidiv.o(.text) for __aeabi_uidivmod
    printf6.o(i._printf_core) refers to printf6.o(i._printf_post_padding) for _printf_post_padding
    printf7.o(i.__0fprintf$7) refers to printf7.o(i._printf_core) for _printf_core
    printf7.o(i.__0fprintf$7) refers to usart1.o(i.fputc) for fputc
    printf7.o(i.__0printf$7) refers to printf7.o(i._printf_core) for _printf_core
    printf7.o(i.__0printf$7) refers to usart1.o(i.fputc) for fputc
    printf7.o(i.__0printf$7) refers to stdout.o(.data) for __stdout
    printf7.o(i.__0snprintf$7) refers to printf7.o(i._printf_core) for _printf_core
    printf7.o(i.__0snprintf$7) refers to printf7.o(i._snputc) for _snputc
    printf7.o(i.__0sprintf$7) refers to printf7.o(i._printf_core) for _printf_core
    printf7.o(i.__0sprintf$7) refers to printf7.o(i._sputc) for _sputc
    printf7.o(i.__0vfprintf$7) refers to printf7.o(i._printf_core) for _printf_core
    printf7.o(i.__0vfprintf$7) refers to usart1.o(i.fputc) for fputc
    printf7.o(i.__0vprintf$7) refers to printf7.o(i._printf_core) for _printf_core
    printf7.o(i.__0vprintf$7) refers to usart1.o(i.fputc) for fputc
    printf7.o(i.__0vprintf$7) refers to stdout.o(.data) for __stdout
    printf7.o(i.__0vsnprintf$7) refers to printf7.o(i._printf_core) for _printf_core
    printf7.o(i.__0vsnprintf$7) refers to printf7.o(i._snputc) for _snputc
    printf7.o(i.__0vsprintf$7) refers to printf7.o(i._printf_core) for _printf_core
    printf7.o(i.__0vsprintf$7) refers to printf7.o(i._sputc) for _sputc
    printf7.o(i._printf_core) refers to printf7.o(i._printf_pre_padding) for _printf_pre_padding
    printf7.o(i._printf_core) refers to uldiv.o(.text) for __aeabi_uldivmod
    printf7.o(i._printf_core) refers to printf7.o(i._printf_post_padding) for _printf_post_padding
    printf8.o(i.__0fprintf$8) refers to printf8.o(i._printf_core) for _printf_core
    printf8.o(i.__0fprintf$8) refers to usart1.o(i.fputc) for fputc
    printf8.o(i.__0printf$8) refers to printf8.o(i._printf_core) for _printf_core
    printf8.o(i.__0printf$8) refers to usart1.o(i.fputc) for fputc
    printf8.o(i.__0printf$8) refers to stdout.o(.data) for __stdout
    printf8.o(i.__0snprintf$8) refers to printf8.o(i._printf_core) for _printf_core
    printf8.o(i.__0snprintf$8) refers to printf8.o(i._snputc) for _snputc
    printf8.o(i.__0sprintf$8) refers to printf8.o(i._printf_core) for _printf_core
    printf8.o(i.__0sprintf$8) refers to printf8.o(i._sputc) for _sputc
    printf8.o(i.__0vfprintf$8) refers to printf8.o(i._printf_core) for _printf_core
    printf8.o(i.__0vfprintf$8) refers to usart1.o(i.fputc) for fputc
    printf8.o(i.__0vprintf$8) refers to printf8.o(i._printf_core) for _printf_core
    printf8.o(i.__0vprintf$8) refers to usart1.o(i.fputc) for fputc
    printf8.o(i.__0vprintf$8) refers to stdout.o(.data) for __stdout
    printf8.o(i.__0vsnprintf$8) refers to printf8.o(i._printf_core) for _printf_core
    printf8.o(i.__0vsnprintf$8) refers to printf8.o(i._snputc) for _snputc
    printf8.o(i.__0vsprintf$8) refers to printf8.o(i._printf_core) for _printf_core
    printf8.o(i.__0vsprintf$8) refers to printf8.o(i._sputc) for _sputc
    printf8.o(i._printf_core) refers to printf8.o(i._printf_pre_padding) for _printf_pre_padding
    printf8.o(i._printf_core) refers to uldiv.o(.text) for __aeabi_uldivmod
    printf8.o(i._printf_core) refers to printf8.o(i._printf_post_padding) for _printf_post_padding
    printfa.o(i.__0fprintf) refers (Special) to iusefp.o(.text) for __I$use$fp
    printfa.o(i.__0fprintf) refers to printfa.o(i._printf_core) for _printf_core
    printfa.o(i.__0fprintf) refers to usart1.o(i.fputc) for fputc
    printfa.o(i.__0printf) refers (Special) to iusefp.o(.text) for __I$use$fp
    printfa.o(i.__0printf) refers to printfa.o(i._printf_core) for _printf_core
    printfa.o(i.__0printf) refers to usart1.o(i.fputc) for fputc
    printfa.o(i.__0printf) refers to stdout.o(.data) for __stdout
    printfa.o(i.__0snprintf) refers (Special) to iusefp.o(.text) for __I$use$fp
    printfa.o(i.__0snprintf) refers to printfa.o(i._printf_core) for _printf_core
    printfa.o(i.__0snprintf) refers to printfa.o(i._snputc) for _snputc
    printfa.o(i.__0sprintf) refers (Special) to iusefp.o(.text) for __I$use$fp
    printfa.o(i.__0sprintf) refers to printfa.o(i._printf_core) for _printf_core
    printfa.o(i.__0sprintf) refers to printfa.o(i._sputc) for _sputc
    printfa.o(i.__0vfprintf) refers (Special) to iusefp.o(.text) for __I$use$fp
    printfa.o(i.__0vfprintf) refers to printfa.o(i._printf_core) for _printf_core
    printfa.o(i.__0vfprintf) refers to usart1.o(i.fputc) for fputc
    printfa.o(i.__0vprintf) refers (Special) to iusefp.o(.text) for __I$use$fp
    printfa.o(i.__0vprintf) refers to printfa.o(i._printf_core) for _printf_core
    printfa.o(i.__0vprintf) refers to usart1.o(i.fputc) for fputc
    printfa.o(i.__0vprintf) refers to stdout.o(.data) for __stdout
    printfa.o(i.__0vsnprintf) refers (Special) to iusefp.o(.text) for __I$use$fp
    printfa.o(i.__0vsnprintf) refers to printfa.o(i._printf_core) for _printf_core
    printfa.o(i.__0vsnprintf) refers to printfa.o(i._snputc) for _snputc
    printfa.o(i.__0vsprintf) refers (Special) to iusefp.o(.text) for __I$use$fp
    printfa.o(i.__0vsprintf) refers to printfa.o(i._printf_core) for _printf_core
    printfa.o(i.__0vsprintf) refers to printfa.o(i._sputc) for _sputc
    printfa.o(i._fp_digits) refers (Special) to iusefp.o(.text) for __I$use$fp
    printfa.o(i._fp_digits) refers to dmul.o(.text) for __aeabi_dmul
    printfa.o(i._fp_digits) refers to ddiv.o(.text) for __aeabi_ddiv
    printfa.o(i._fp_digits) refers to cdrcmple.o(.text) for __aeabi_cdrcmple
    printfa.o(i._fp_digits) refers to dadd.o(.text) for __aeabi_dadd
    printfa.o(i._fp_digits) refers to dfixul.o(.text) for __aeabi_d2ulz
    printfa.o(i._fp_digits) refers to uldiv.o(.text) for __aeabi_uldivmod
    printfa.o(i._printf_core) refers (Special) to iusefp.o(.text) for __I$use$fp
    printfa.o(i._printf_core) refers to printfa.o(i._printf_pre_padding) for _printf_pre_padding
    printfa.o(i._printf_core) refers to uldiv.o(.text) for __aeabi_uldivmod
    printfa.o(i._printf_core) refers to printfa.o(i._printf_post_padding) for _printf_post_padding
    printfa.o(i._printf_core) refers to printfa.o(i._fp_digits) for _fp_digits
    printfa.o(i._printf_core) refers to uidiv.o(.text) for __aeabi_uidivmod
    printfa.o(i._printf_post_padding) refers (Special) to iusefp.o(.text) for __I$use$fp
    printfa.o(i._printf_pre_padding) refers (Special) to iusefp.o(.text) for __I$use$fp
    printfa.o(i._snputc) refers (Special) to iusefp.o(.text) for __I$use$fp
    printfa.o(i._sputc) refers (Special) to iusefp.o(.text) for __I$use$fp
    entry2.o(.ARM.Collect$$$$00000001) refers to entry2.o(.ARM.Collect$$$$00002712) for __lit__00000000
    entry2.o(.ARM.Collect$$$$00002712) refers to startup_stm32f40_41xxx.o(STACK) for __initial_sp
    entry2.o(__vectab_stack_and_reset_area) refers to startup_stm32f40_41xxx.o(STACK) for __initial_sp
    entry2.o(__vectab_stack_and_reset_area) refers to entry.o(.ARM.Collect$$$$00000000) for __main
    entry5.o(.ARM.Collect$$$$00000004) refers to init.o(.text) for __scatterload
    entry9a.o(.ARM.Collect$$$$0000000B) refers to main.o(i.main) for main
    entry9b.o(.ARM.Collect$$$$0000000C) refers to main.o(i.main) for main
    dadd.o(.text) refers to llshl.o(.text) for __aeabi_llsl
    dadd.o(.text) refers to llsshr.o(.text) for __aeabi_lasr
    dadd.o(.text) refers to depilogue.o(.text) for _double_epilogue
    dmul.o(.text) refers to depilogue.o(.text) for _double_epilogue
    ddiv.o(.text) refers to depilogue.o(.text) for _double_round
    dfixul.o(.text) refers to llushr.o(.text) for __aeabi_llsr
    dfixul.o(.text) refers to llshl.o(.text) for __aeabi_llsl
    init.o(.text) refers to entry5.o(.ARM.Collect$$$$00000004) for __main_after_scatterload
    depilogue.o(.text) refers to llshl.o(.text) for __aeabi_llsl
    depilogue.o(.text) refers to llushr.o(.text) for __aeabi_llsr


==============================================================================

Removing Unused input sections from the image.

    Removing heap_4.o(.rev16_text), (4 bytes).
    Removing heap_4.o(.revsh_text), (4 bytes).
    Removing heap_4.o(i.prvHeapInit), (124 bytes).
    Removing heap_4.o(i.prvInsertBlockIntoFreeList), (104 bytes).
    Removing heap_4.o(i.pvPortMalloc), (208 bytes).
    Removing heap_4.o(i.vPortFree), (72 bytes).
    Removing heap_4.o(i.vPortInitialiseBlocks), (2 bytes).
    Removing heap_4.o(i.xPortGetFreeHeapSize), (12 bytes).
    Removing heap_4.o(i.xPortGetMinimumEverFreeHeapSize), (12 bytes).
    Removing heap_4.o(.bss), (17408 bytes).
    Removing heap_4.o(.data), (24 bytes).
    Removing port.o(.rev16_text), (4 bytes).
    Removing port.o(.revsh_text), (4 bytes).
    Removing port.o(i.prvTaskExitError), (22 bytes).
    Removing port.o(i.pxPortInitialiseStack), (44 bytes).
    Removing port.o(i.vPortEndScheduler), (2 bytes).
    Removing port.o(i.vPortEnterCritical), (36 bytes).
    Removing port.o(i.vPortExitCritical), (32 bytes).
    Removing port.o(i.vPortSetupTimerInterrupt), (32 bytes).
    Removing port.o(i.xPortStartScheduler), (72 bytes).
    Removing port.o(.data), (4 bytes).
    Removing croutine.o(.rev16_text), (4 bytes).
    Removing croutine.o(.revsh_text), (4 bytes).
    Removing event_groups.o(.rev16_text), (4 bytes).
    Removing event_groups.o(.revsh_text), (4 bytes).
    Removing event_groups.o(i.prvTestWaitCondition), (30 bytes).
    Removing event_groups.o(i.uxEventGroupGetNumber), (14 bytes).
    Removing event_groups.o(i.vEventGroupClearBitsCallback), (16 bytes).
    Removing event_groups.o(i.vEventGroupDelete), (42 bytes).
    Removing event_groups.o(i.vEventGroupSetBitsCallback), (16 bytes).
    Removing event_groups.o(i.xEventGroupClearBits), (32 bytes).
    Removing event_groups.o(i.xEventGroupCreate), (26 bytes).
    Removing event_groups.o(i.xEventGroupGetBitsFromISR), (44 bytes).
    Removing event_groups.o(i.xEventGroupSetBits), (146 bytes).
    Removing event_groups.o(i.xEventGroupSync), (164 bytes).
    Removing event_groups.o(i.xEventGroupWaitBits), (200 bytes).
    Removing list.o(.rev16_text), (4 bytes).
    Removing list.o(.revsh_text), (4 bytes).
    Removing list.o(i.vListInitialise), (26 bytes).
    Removing list.o(i.vListInitialiseItem), (6 bytes).
    Removing list.o(i.vListInsert), (52 bytes).
    Removing queue.o(.rev16_text), (4 bytes).
    Removing queue.o(.revsh_text), (4 bytes).
    Removing queue.o(i.pcQueueGetName), (44 bytes).
    Removing queue.o(i.prvCopyDataFromQueue), (42 bytes).
    Removing queue.o(i.prvCopyDataToQueue), (106 bytes).
    Removing queue.o(i.prvInitialiseNewQueue), (42 bytes).
    Removing queue.o(i.prvIsQueueEmpty), (26 bytes).
    Removing queue.o(i.prvIsQueueFull), (30 bytes).
    Removing queue.o(i.prvUnlockQueue), (126 bytes).
    Removing queue.o(i.ucQueueGetQueueType), (8 bytes).
    Removing queue.o(i.uxQueueGetQueueNumber), (6 bytes).
    Removing queue.o(i.uxQueueMessagesWaiting), (18 bytes).
    Removing queue.o(i.uxQueueMessagesWaitingFromISR), (6 bytes).
    Removing queue.o(i.uxQueueSpacesAvailable), (24 bytes).
    Removing queue.o(i.vQueueAddToRegistry), (44 bytes).
    Removing queue.o(i.vQueueDelete), (20 bytes).
    Removing queue.o(i.vQueueSetQueueNumber), (4 bytes).
    Removing queue.o(i.vQueueUnregisterQueue), (48 bytes).
    Removing queue.o(i.xQueueGenericCreate), (56 bytes).
    Removing queue.o(i.xQueueGenericReceive), (316 bytes).
    Removing queue.o(i.xQueueGenericReset), (128 bytes).
    Removing queue.o(i.xQueueGenericSend), (280 bytes).
    Removing queue.o(i.xQueueGenericSendFromISR), (134 bytes).
    Removing queue.o(i.xQueueGiveFromISR), (120 bytes).
    Removing queue.o(i.xQueueIsQueueEmptyFromISR), (14 bytes).
    Removing queue.o(i.xQueueIsQueueFullFromISR), (18 bytes).
    Removing queue.o(i.xQueuePeekFromISR), (74 bytes).
    Removing queue.o(i.xQueueReceiveFromISR), (130 bytes).
    Removing queue.o(.bss), (80 bytes).
    Removing tasks.o(.rev16_text), (4 bytes).
    Removing tasks.o(.revsh_text), (4 bytes).
    Removing tasks.o(i.eTaskGetState), (108 bytes).
    Removing tasks.o(i.pcTaskGetName), (24 bytes).
    Removing tasks.o(i.prvAddCurrentTaskToDelayedList), (152 bytes).
    Removing tasks.o(i.prvAddNewTaskToReadyList), (184 bytes).
    Removing tasks.o(i.prvCheckTasksWaitingTermination), (100 bytes).
    Removing tasks.o(i.prvDeleteTCB), (18 bytes).
    Removing tasks.o(i.prvIdleTask), (40 bytes).
    Removing tasks.o(i.prvInitialiseNewTask), (144 bytes).
    Removing tasks.o(i.prvInitialiseTaskLists), (104 bytes).
    Removing tasks.o(i.prvListTasksWithinSingleList), (106 bytes).
    Removing tasks.o(i.prvTaskCheckFreeStackSpace), (22 bytes).
    Removing tasks.o(i.prvTaskIsTaskSuspended), (64 bytes).
    Removing tasks.o(i.prvWriteNameToBuffer), (42 bytes).
    Removing tasks.o(i.ulTaskNotifyTake), (116 bytes).
    Removing tasks.o(i.uxTaskGetNumberOfTasks), (12 bytes).
    Removing tasks.o(i.uxTaskGetStackHighWaterMark), (40 bytes).
    Removing tasks.o(i.uxTaskGetSystemState), (184 bytes).
    Removing tasks.o(i.uxTaskGetTaskNumber), (14 bytes).
    Removing tasks.o(i.uxTaskPriorityGet), (36 bytes).
    Removing tasks.o(i.uxTaskPriorityGetFromISR), (56 bytes).
    Removing tasks.o(i.uxTaskResetEventItemValue), (28 bytes).
    Removing tasks.o(i.vTaskDelay), (52 bytes).
    Removing tasks.o(i.vTaskDelayUntil), (116 bytes).
    Removing tasks.o(i.vTaskDelete), (204 bytes).
    Removing tasks.o(i.vTaskEndScheduler), (36 bytes).
    Removing tasks.o(i.vTaskGetInfo), (120 bytes).
    Removing tasks.o(i.vTaskGetRunTimeStats), (212 bytes).
    Removing tasks.o(i.vTaskList), (224 bytes).
    Removing tasks.o(i.vTaskMissedYield), (12 bytes).
    Removing tasks.o(i.vTaskNotifyGiveFromISR), (180 bytes).
    Removing tasks.o(i.vTaskPlaceOnEventList), (32 bytes).
    Removing tasks.o(i.vTaskPlaceOnUnorderedEventList), (44 bytes).
    Removing tasks.o(i.vTaskPrioritySet), (232 bytes).
    Removing tasks.o(i.vTaskResume), (120 bytes).
    Removing tasks.o(i.vTaskSetTaskNumber), (8 bytes).
    Removing tasks.o(i.vTaskSetTimeOutState), (24 bytes).
    Removing tasks.o(i.vTaskStartScheduler), (108 bytes).
    Removing tasks.o(i.vTaskSuspend), (188 bytes).
    Removing tasks.o(i.vTaskSuspendAll), (16 bytes).
    Removing tasks.o(i.xTaskCheckForTimeOut), (92 bytes).
    Removing tasks.o(i.xTaskCreate), (96 bytes).
    Removing tasks.o(i.xTaskGenericNotify), (196 bytes).
    Removing tasks.o(i.xTaskGenericNotifyFromISR), (252 bytes).
    Removing tasks.o(i.xTaskGetSchedulerState), (32 bytes).
    Removing tasks.o(i.xTaskGetTickCount), (12 bytes).
    Removing tasks.o(i.xTaskGetTickCountFromISR), (12 bytes).
    Removing tasks.o(i.xTaskNotifyStateClear), (52 bytes).
    Removing tasks.o(i.xTaskNotifyWait), (160 bytes).
    Removing tasks.o(i.xTaskRemoveFromEventList), (128 bytes).
    Removing tasks.o(i.xTaskRemoveFromUnorderedEventList), (112 bytes).
    Removing tasks.o(i.xTaskResumeAll), (232 bytes).
    Removing tasks.o(i.xTaskResumeFromISR), (152 bytes).
    Removing timers.o(.rev16_text), (4 bytes).
    Removing timers.o(.revsh_text), (4 bytes).
    Removing misc.o(.rev16_text), (4 bytes).
    Removing misc.o(.revsh_text), (4 bytes).
    Removing misc.o(i.NVIC_Init), (120 bytes).
    Removing misc.o(i.NVIC_PriorityGroupConfig), (20 bytes).
    Removing misc.o(i.NVIC_SetVectorTable), (20 bytes).
    Removing misc.o(i.NVIC_SystemLPConfig), (32 bytes).
    Removing misc.o(i.SysTick_CLKSourceConfig), (40 bytes).
    Removing stm32f4xx_adc.o(.rev16_text), (4 bytes).
    Removing stm32f4xx_adc.o(.revsh_text), (4 bytes).
    Removing stm32f4xx_adc.o(i.ADC_AnalogWatchdogCmd), (20 bytes).
    Removing stm32f4xx_adc.o(i.ADC_AnalogWatchdogSingleChannelConfig), (16 bytes).
    Removing stm32f4xx_adc.o(i.ADC_AnalogWatchdogThresholdsConfig), (6 bytes).
    Removing stm32f4xx_adc.o(i.ADC_AutoInjectedConvCmd), (22 bytes).
    Removing stm32f4xx_adc.o(i.ADC_ClearFlag), (6 bytes).
    Removing stm32f4xx_adc.o(i.ADC_ClearITPendingBit), (10 bytes).
    Removing stm32f4xx_adc.o(i.ADC_Cmd), (22 bytes).
    Removing stm32f4xx_adc.o(i.ADC_CommonInit), (48 bytes).
    Removing stm32f4xx_adc.o(i.ADC_CommonStructInit), (12 bytes).
    Removing stm32f4xx_adc.o(i.ADC_ContinuousModeCmd), (22 bytes).
    Removing stm32f4xx_adc.o(i.ADC_DMACmd), (22 bytes).
    Removing stm32f4xx_adc.o(i.ADC_DMARequestAfterLastTransferCmd), (22 bytes).
    Removing stm32f4xx_adc.o(i.ADC_DeInit), (22 bytes).
    Removing stm32f4xx_adc.o(i.ADC_DiscModeChannelCountConfig), (24 bytes).
    Removing stm32f4xx_adc.o(i.ADC_DiscModeCmd), (22 bytes).
    Removing stm32f4xx_adc.o(i.ADC_EOCOnEachRegularChannelCmd), (22 bytes).
    Removing stm32f4xx_adc.o(i.ADC_ExternalTrigInjectedConvConfig), (16 bytes).
    Removing stm32f4xx_adc.o(i.ADC_ExternalTrigInjectedConvEdgeConfig), (16 bytes).
    Removing stm32f4xx_adc.o(i.ADC_GetConversionValue), (8 bytes).
    Removing stm32f4xx_adc.o(i.ADC_GetFlagStatus), (18 bytes).
    Removing stm32f4xx_adc.o(i.ADC_GetITStatus), (38 bytes).
    Removing stm32f4xx_adc.o(i.ADC_GetInjectedConversionValue), (28 bytes).
    Removing stm32f4xx_adc.o(i.ADC_GetMultiModeConversionValue), (12 bytes).
    Removing stm32f4xx_adc.o(i.ADC_GetSoftwareStartConvStatus), (20 bytes).
    Removing stm32f4xx_adc.o(i.ADC_GetSoftwareStartInjectedConvCmdStatus), (20 bytes).
    Removing stm32f4xx_adc.o(i.ADC_ITConfig), (32 bytes).
    Removing stm32f4xx_adc.o(i.ADC_Init), (84 bytes).
    Removing stm32f4xx_adc.o(i.ADC_InjectedChannelConfig), (130 bytes).
    Removing stm32f4xx_adc.o(i.ADC_InjectedDiscModeCmd), (22 bytes).
    Removing stm32f4xx_adc.o(i.ADC_InjectedSequencerLengthConfig), (24 bytes).
    Removing stm32f4xx_adc.o(i.ADC_MultiModeDMARequestAfterLastTransferCmd), (44 bytes).
    Removing stm32f4xx_adc.o(i.ADC_RegularChannelConfig), (184 bytes).
    Removing stm32f4xx_adc.o(i.ADC_SetInjectedOffset), (20 bytes).
    Removing stm32f4xx_adc.o(i.ADC_SoftwareStartConv), (10 bytes).
    Removing stm32f4xx_adc.o(i.ADC_SoftwareStartInjectedConv), (10 bytes).
    Removing stm32f4xx_adc.o(i.ADC_StructInit), (20 bytes).
    Removing stm32f4xx_adc.o(i.ADC_TempSensorVrefintCmd), (44 bytes).
    Removing stm32f4xx_adc.o(i.ADC_VBATCmd), (44 bytes).
    Removing stm32f4xx_can.o(.rev16_text), (4 bytes).
    Removing stm32f4xx_can.o(.revsh_text), (4 bytes).
    Removing stm32f4xx_can.o(i.CAN_CancelTransmit), (48 bytes).
    Removing stm32f4xx_can.o(i.CAN_ClearFlag), (56 bytes).
    Removing stm32f4xx_can.o(i.CAN_ClearITPendingBit), (168 bytes).
    Removing stm32f4xx_can.o(i.CAN_DBGFreeze), (22 bytes).
    Removing stm32f4xx_can.o(i.CAN_DeInit), (56 bytes).
    Removing stm32f4xx_can.o(i.CAN_FIFORelease), (22 bytes).
    Removing stm32f4xx_can.o(i.CAN_FilterInit), (264 bytes).
    Removing stm32f4xx_can.o(i.CAN_GetFlagStatus), (120 bytes).
    Removing stm32f4xx_can.o(i.CAN_GetITStatus), (288 bytes).
    Removing stm32f4xx_can.o(i.CAN_GetLSBTransmitErrorCounter), (12 bytes).
    Removing stm32f4xx_can.o(i.CAN_GetLastErrorCode), (12 bytes).
    Removing stm32f4xx_can.o(i.CAN_GetReceiveErrorCounter), (10 bytes).
    Removing stm32f4xx_can.o(i.CAN_ITConfig), (18 bytes).
    Removing stm32f4xx_can.o(i.CAN_Init), (276 bytes).
    Removing stm32f4xx_can.o(i.CAN_MessagePending), (30 bytes).
    Removing stm32f4xx_can.o(i.CAN_OperatingModeRequest), (162 bytes).
    Removing stm32f4xx_can.o(i.CAN_Receive), (240 bytes).
    Removing stm32f4xx_can.o(i.CAN_SlaveStartBank), (52 bytes).
    Removing stm32f4xx_can.o(i.CAN_Sleep), (30 bytes).
    Removing stm32f4xx_can.o(i.CAN_StructInit), (32 bytes).
    Removing stm32f4xx_can.o(i.CAN_TTComModeCmd), (118 bytes).
    Removing stm32f4xx_can.o(i.CAN_Transmit), (294 bytes).
    Removing stm32f4xx_can.o(i.CAN_TransmitStatus), (160 bytes).
    Removing stm32f4xx_can.o(i.CAN_WakeUp), (48 bytes).
    Removing stm32f4xx_can.o(i.CheckITStatus), (18 bytes).
    Removing stm32f4xx_dma.o(.rev16_text), (4 bytes).
    Removing stm32f4xx_dma.o(.revsh_text), (4 bytes).
    Removing stm32f4xx_dma.o(i.DMA_ClearFlag), (52 bytes).
    Removing stm32f4xx_dma.o(i.DMA_ClearITPendingBit), (52 bytes).
    Removing stm32f4xx_dma.o(i.DMA_Cmd), (22 bytes).
    Removing stm32f4xx_dma.o(i.DMA_DeInit), (344 bytes).
    Removing stm32f4xx_dma.o(i.DMA_DoubleBufferModeCmd), (22 bytes).
    Removing stm32f4xx_dma.o(i.DMA_DoubleBufferModeConfig), (24 bytes).
    Removing stm32f4xx_dma.o(i.DMA_FlowControllerConfig), (22 bytes).
    Removing stm32f4xx_dma.o(i.DMA_GetCmdStatus), (20 bytes).
    Removing stm32f4xx_dma.o(i.DMA_GetCurrDataCounter), (8 bytes).
    Removing stm32f4xx_dma.o(i.DMA_GetCurrentMemoryTarget), (20 bytes).
    Removing stm32f4xx_dma.o(i.DMA_GetFIFOStatus), (12 bytes).
    Removing stm32f4xx_dma.o(i.DMA_GetFlagStatus), (68 bytes).
    Removing stm32f4xx_dma.o(i.DMA_GetITStatus), (100 bytes).
    Removing stm32f4xx_dma.o(i.DMA_ITConfig), (58 bytes).
    Removing stm32f4xx_dma.o(i.DMA_Init), (88 bytes).
    Removing stm32f4xx_dma.o(i.DMA_MemoryTargetConfig), (10 bytes).
    Removing stm32f4xx_dma.o(i.DMA_PeriphIncOffsetSizeConfig), (22 bytes).
    Removing stm32f4xx_dma.o(i.DMA_SetCurrDataCounter), (4 bytes).
    Removing stm32f4xx_dma.o(i.DMA_StructInit), (34 bytes).
    Removing stm32f4xx_exti.o(.rev16_text), (4 bytes).
    Removing stm32f4xx_exti.o(.revsh_text), (4 bytes).
    Removing stm32f4xx_exti.o(i.EXTI_ClearFlag), (12 bytes).
    Removing stm32f4xx_exti.o(i.EXTI_ClearITPendingBit), (12 bytes).
    Removing stm32f4xx_exti.o(i.EXTI_DeInit), (36 bytes).
    Removing stm32f4xx_exti.o(i.EXTI_GenerateSWInterrupt), (16 bytes).
    Removing stm32f4xx_exti.o(i.EXTI_GetFlagStatus), (24 bytes).
    Removing stm32f4xx_exti.o(i.EXTI_GetITStatus), (24 bytes).
    Removing stm32f4xx_exti.o(i.EXTI_Init), (148 bytes).
    Removing stm32f4xx_exti.o(i.EXTI_StructInit), (16 bytes).
    Removing stm32f4xx_flash.o(.rev16_text), (4 bytes).
    Removing stm32f4xx_flash.o(.revsh_text), (4 bytes).
    Removing stm32f4xx_flash.o(i.FLASH_ClearFlag), (12 bytes).
    Removing stm32f4xx_flash.o(i.FLASH_DataCacheCmd), (36 bytes).
    Removing stm32f4xx_flash.o(i.FLASH_DataCacheReset), (20 bytes).
    Removing stm32f4xx_flash.o(i.FLASH_EraseAllBank1Sectors), (108 bytes).
    Removing stm32f4xx_flash.o(i.FLASH_EraseAllBank2Sectors), (108 bytes).
    Removing stm32f4xx_flash.o(i.FLASH_EraseAllSectors), (108 bytes).
    Removing stm32f4xx_flash.o(i.FLASH_EraseSector), (136 bytes).
    Removing stm32f4xx_flash.o(i.FLASH_GetFlagStatus), (24 bytes).
    Removing stm32f4xx_flash.o(i.FLASH_GetStatus), (84 bytes).
    Removing stm32f4xx_flash.o(i.FLASH_ITConfig), (32 bytes).
    Removing stm32f4xx_flash.o(i.FLASH_InstructionCacheCmd), (36 bytes).
    Removing stm32f4xx_flash.o(i.FLASH_InstructionCacheReset), (20 bytes).
    Removing stm32f4xx_flash.o(i.FLASH_Lock), (20 bytes).
    Removing stm32f4xx_flash.o(i.FLASH_OB_BORConfig), (28 bytes).
    Removing stm32f4xx_flash.o(i.FLASH_OB_BootConfig), (28 bytes).
    Removing stm32f4xx_flash.o(i.FLASH_OB_GetBOR), (16 bytes).
    Removing stm32f4xx_flash.o(i.FLASH_OB_GetPCROP), (12 bytes).
    Removing stm32f4xx_flash.o(i.FLASH_OB_GetPCROP1), (12 bytes).
    Removing stm32f4xx_flash.o(i.FLASH_OB_GetRDP), (24 bytes).
    Removing stm32f4xx_flash.o(i.FLASH_OB_GetUser), (16 bytes).
    Removing stm32f4xx_flash.o(i.FLASH_OB_GetWRP), (12 bytes).
    Removing stm32f4xx_flash.o(i.FLASH_OB_GetWRP1), (12 bytes).
    Removing stm32f4xx_flash.o(i.FLASH_OB_Launch), (32 bytes).
    Removing stm32f4xx_flash.o(i.FLASH_OB_Lock), (20 bytes).
    Removing stm32f4xx_flash.o(i.FLASH_OB_PCROP1Config), (52 bytes).
    Removing stm32f4xx_flash.o(i.FLASH_OB_PCROPConfig), (52 bytes).
    Removing stm32f4xx_flash.o(i.FLASH_OB_PCROPSelectionConfig), (24 bytes).
    Removing stm32f4xx_flash.o(i.FLASH_OB_RDPConfig), (28 bytes).
    Removing stm32f4xx_flash.o(i.FLASH_OB_Unlock), (36 bytes).
    Removing stm32f4xx_flash.o(i.FLASH_OB_UserConfig), (48 bytes).
    Removing stm32f4xx_flash.o(i.FLASH_OB_WRP1Config), (52 bytes).
    Removing stm32f4xx_flash.o(i.FLASH_OB_WRPConfig), (52 bytes).
    Removing stm32f4xx_flash.o(i.FLASH_PrefetchBufferCmd), (36 bytes).
    Removing stm32f4xx_flash.o(i.FLASH_ProgramByte), (76 bytes).
    Removing stm32f4xx_flash.o(i.FLASH_ProgramDoubleWord), (84 bytes).
    Removing stm32f4xx_flash.o(i.FLASH_ProgramHalfWord), (80 bytes).
    Removing stm32f4xx_flash.o(i.FLASH_ProgramWord), (80 bytes).
    Removing stm32f4xx_flash.o(i.FLASH_SetLatency), (12 bytes).
    Removing stm32f4xx_flash.o(i.FLASH_Unlock), (36 bytes).
    Removing stm32f4xx_flash.o(i.FLASH_WaitForLastOperation), (34 bytes).
    Removing stm32f4xx_gpio.o(.rev16_text), (4 bytes).
    Removing stm32f4xx_gpio.o(.revsh_text), (4 bytes).
    Removing stm32f4xx_gpio.o(i.GPIO_DeInit), (312 bytes).
    Removing stm32f4xx_gpio.o(i.GPIO_Init), (144 bytes).
    Removing stm32f4xx_gpio.o(i.GPIO_PinAFConfig), (70 bytes).
    Removing stm32f4xx_gpio.o(i.GPIO_PinLockConfig), (34 bytes).
    Removing stm32f4xx_gpio.o(i.GPIO_ReadInputData), (8 bytes).
    Removing stm32f4xx_gpio.o(i.GPIO_ReadInputDataBit), (18 bytes).
    Removing stm32f4xx_gpio.o(i.GPIO_ReadOutputData), (8 bytes).
    Removing stm32f4xx_gpio.o(i.GPIO_ReadOutputDataBit), (18 bytes).
    Removing stm32f4xx_gpio.o(i.GPIO_ResetBits), (4 bytes).
    Removing stm32f4xx_gpio.o(i.GPIO_SetBits), (4 bytes).
    Removing stm32f4xx_gpio.o(i.GPIO_StructInit), (18 bytes).
    Removing stm32f4xx_gpio.o(i.GPIO_ToggleBits), (8 bytes).
    Removing stm32f4xx_gpio.o(i.GPIO_Write), (4 bytes).
    Removing stm32f4xx_gpio.o(i.GPIO_WriteBit), (10 bytes).
    Removing stm32f4xx_syscfg.o(.rev16_text), (4 bytes).
    Removing stm32f4xx_syscfg.o(.revsh_text), (4 bytes).
    Removing stm32f4xx_syscfg.o(i.SYSCFG_CompensationCellCmd), (12 bytes).
    Removing stm32f4xx_syscfg.o(i.SYSCFG_DeInit), (22 bytes).
    Removing stm32f4xx_syscfg.o(i.SYSCFG_ETH_MediaInterfaceConfig), (12 bytes).
    Removing stm32f4xx_syscfg.o(i.SYSCFG_EXTILineConfig), (64 bytes).
    Removing stm32f4xx_syscfg.o(i.SYSCFG_GetCompensationCellStatus), (24 bytes).
    Removing stm32f4xx_syscfg.o(i.SYSCFG_MemoryRemapConfig), (12 bytes).
    Removing stm32f4xx_syscfg.o(i.SYSCFG_MemorySwappingBank), (12 bytes).
    Removing stm32f4xx_tim.o(.rev16_text), (4 bytes).
    Removing stm32f4xx_tim.o(.revsh_text), (4 bytes).
    Removing stm32f4xx_tim.o(i.TI1_Config), (58 bytes).
    Removing stm32f4xx_tim.o(i.TI2_Config), (80 bytes).
    Removing stm32f4xx_tim.o(i.TI3_Config), (72 bytes).
    Removing stm32f4xx_tim.o(i.TI4_Config), (80 bytes).
    Removing stm32f4xx_tim.o(i.TIM_ARRPreloadConfig), (24 bytes).
    Removing stm32f4xx_tim.o(i.TIM_BDTRConfig), (32 bytes).
    Removing stm32f4xx_tim.o(i.TIM_BDTRStructInit), (18 bytes).
    Removing stm32f4xx_tim.o(i.TIM_CCPreloadControl), (24 bytes).
    Removing stm32f4xx_tim.o(i.TIM_CCxCmd), (30 bytes).
    Removing stm32f4xx_tim.o(i.TIM_CCxNCmd), (30 bytes).
    Removing stm32f4xx_tim.o(i.TIM_ClearFlag), (6 bytes).
    Removing stm32f4xx_tim.o(i.TIM_ClearOC1Ref), (18 bytes).
    Removing stm32f4xx_tim.o(i.TIM_ClearOC2Ref), (24 bytes).
    Removing stm32f4xx_tim.o(i.TIM_ClearOC3Ref), (18 bytes).
    Removing stm32f4xx_tim.o(i.TIM_ClearOC4Ref), (24 bytes).
    Removing stm32f4xx_tim.o(i.TIM_Cmd), (24 bytes).
    Removing stm32f4xx_tim.o(i.TIM_CounterModeConfig), (18 bytes).
    Removing stm32f4xx_tim.o(i.TIM_CtrlPWMOutputs), (30 bytes).
    Removing stm32f4xx_tim.o(i.TIM_DMACmd), (18 bytes).
    Removing stm32f4xx_tim.o(i.TIM_DMAConfig), (10 bytes).
    Removing stm32f4xx_tim.o(i.TIM_DeInit), (400 bytes).
    Removing stm32f4xx_tim.o(i.TIM_ETRClockMode1Config), (54 bytes).
    Removing stm32f4xx_tim.o(i.TIM_ETRClockMode2Config), (32 bytes).
    Removing stm32f4xx_tim.o(i.TIM_ETRConfig), (28 bytes).
    Removing stm32f4xx_tim.o(i.TIM_EncoderInterfaceConfig), (66 bytes).
    Removing stm32f4xx_tim.o(i.TIM_ForcedOC1Config), (18 bytes).
    Removing stm32f4xx_tim.o(i.TIM_ForcedOC2Config), (26 bytes).
    Removing stm32f4xx_tim.o(i.TIM_ForcedOC3Config), (18 bytes).
    Removing stm32f4xx_tim.o(i.TIM_ForcedOC4Config), (26 bytes).
    Removing stm32f4xx_tim.o(i.TIM_GenerateEvent), (4 bytes).
    Removing stm32f4xx_tim.o(i.TIM_GetCapture1), (6 bytes).
    Removing stm32f4xx_tim.o(i.TIM_GetCapture2), (6 bytes).
    Removing stm32f4xx_tim.o(i.TIM_GetCapture3), (6 bytes).
    Removing stm32f4xx_tim.o(i.TIM_GetCapture4), (6 bytes).
    Removing stm32f4xx_tim.o(i.TIM_GetCounter), (6 bytes).
    Removing stm32f4xx_tim.o(i.TIM_GetFlagStatus), (18 bytes).
    Removing stm32f4xx_tim.o(i.TIM_GetPrescaler), (6 bytes).
    Removing stm32f4xx_tim.o(i.TIM_ICInit), (110 bytes).
    Removing stm32f4xx_tim.o(i.TIM_ICStructInit), (18 bytes).
    Removing stm32f4xx_tim.o(i.TIM_ITConfig), (18 bytes).
    Removing stm32f4xx_tim.o(i.TIM_ITRxExternalClockConfig), (24 bytes).
    Removing stm32f4xx_tim.o(i.TIM_InternalClockConfig), (12 bytes).
    Removing stm32f4xx_tim.o(i.TIM_OC1FastConfig), (18 bytes).
    Removing stm32f4xx_tim.o(i.TIM_OC1Init), (124 bytes).
    Removing stm32f4xx_tim.o(i.TIM_OC1NPolarityConfig), (18 bytes).
    Removing stm32f4xx_tim.o(i.TIM_OC1PolarityConfig), (18 bytes).
    Removing stm32f4xx_tim.o(i.TIM_OC1PreloadConfig), (18 bytes).
    Removing stm32f4xx_tim.o(i.TIM_OC2FastConfig), (26 bytes).
    Removing stm32f4xx_tim.o(i.TIM_OC2Init), (164 bytes).
    Removing stm32f4xx_tim.o(i.TIM_OC2NPolarityConfig), (26 bytes).
    Removing stm32f4xx_tim.o(i.TIM_OC2PolarityConfig), (26 bytes).
    Removing stm32f4xx_tim.o(i.TIM_OC2PreloadConfig), (26 bytes).
    Removing stm32f4xx_tim.o(i.TIM_OC3FastConfig), (18 bytes).
    Removing stm32f4xx_tim.o(i.TIM_OC3Init), (160 bytes).
    Removing stm32f4xx_tim.o(i.TIM_OC3NPolarityConfig), (26 bytes).
    Removing stm32f4xx_tim.o(i.TIM_OC3PolarityConfig), (26 bytes).
    Removing stm32f4xx_tim.o(i.TIM_OC3PreloadConfig), (18 bytes).
    Removing stm32f4xx_tim.o(i.TIM_OC4FastConfig), (26 bytes).
    Removing stm32f4xx_tim.o(i.TIM_OC4Init), (120 bytes).
    Removing stm32f4xx_tim.o(i.TIM_OC4PolarityConfig), (26 bytes).
    Removing stm32f4xx_tim.o(i.TIM_OC4PreloadConfig), (26 bytes).
    Removing stm32f4xx_tim.o(i.TIM_OCStructInit), (20 bytes).
    Removing stm32f4xx_tim.o(i.TIM_PWMIConfig), (124 bytes).
    Removing stm32f4xx_tim.o(i.TIM_PrescalerConfig), (6 bytes).
    Removing stm32f4xx_tim.o(i.TIM_RemapConfig), (6 bytes).
    Removing stm32f4xx_tim.o(i.TIM_SelectCCDMA), (24 bytes).
    Removing stm32f4xx_tim.o(i.TIM_SelectCOM), (24 bytes).
    Removing stm32f4xx_tim.o(i.TIM_SelectHallSensor), (24 bytes).
    Removing stm32f4xx_tim.o(i.TIM_SelectInputTrigger), (18 bytes).
    Removing stm32f4xx_tim.o(i.TIM_SelectMasterSlaveMode), (18 bytes).
    Removing stm32f4xx_tim.o(i.TIM_SelectOCxM), (86 bytes).
    Removing stm32f4xx_tim.o(i.TIM_SelectOnePulseMode), (18 bytes).
    Removing stm32f4xx_tim.o(i.TIM_SelectOutputTrigger), (18 bytes).
    Removing stm32f4xx_tim.o(i.TIM_SelectSlaveMode), (18 bytes).
    Removing stm32f4xx_tim.o(i.TIM_SetAutoreload), (4 bytes).
    Removing stm32f4xx_tim.o(i.TIM_SetClockDivision), (18 bytes).
    Removing stm32f4xx_tim.o(i.TIM_SetCompare1), (4 bytes).
    Removing stm32f4xx_tim.o(i.TIM_SetCompare2), (4 bytes).
    Removing stm32f4xx_tim.o(i.TIM_SetCompare3), (4 bytes).
    Removing stm32f4xx_tim.o(i.TIM_SetCompare4), (4 bytes).
    Removing stm32f4xx_tim.o(i.TIM_SetCounter), (4 bytes).
    Removing stm32f4xx_tim.o(i.TIM_SetIC1Prescaler), (18 bytes).
    Removing stm32f4xx_tim.o(i.TIM_SetIC2Prescaler), (26 bytes).
    Removing stm32f4xx_tim.o(i.TIM_SetIC3Prescaler), (18 bytes).
    Removing stm32f4xx_tim.o(i.TIM_SetIC4Prescaler), (26 bytes).
    Removing stm32f4xx_tim.o(i.TIM_TIxExternalClockConfig), (62 bytes).
    Removing stm32f4xx_tim.o(i.TIM_TimeBaseInit), (132 bytes).
    Removing stm32f4xx_tim.o(i.TIM_TimeBaseStructInit), (18 bytes).
    Removing stm32f4xx_tim.o(i.TIM_UpdateDisableConfig), (24 bytes).
    Removing stm32f4xx_tim.o(i.TIM_UpdateRequestConfig), (24 bytes).
    Removing stm32f4xx_usart.o(.rev16_text), (4 bytes).
    Removing stm32f4xx_usart.o(.revsh_text), (4 bytes).
    Removing stm32f4xx_usart.o(i.USART_ClearFlag), (18 bytes).
    Removing stm32f4xx_usart.o(i.USART_ClockInit), (32 bytes).
    Removing stm32f4xx_usart.o(i.USART_ClockStructInit), (12 bytes).
    Removing stm32f4xx_usart.o(i.USART_Cmd), (24 bytes).
    Removing stm32f4xx_usart.o(i.USART_DMACmd), (18 bytes).
    Removing stm32f4xx_usart.o(i.USART_DeInit), (240 bytes).
    Removing stm32f4xx_usart.o(i.USART_GetFlagStatus), (26 bytes).
    Removing stm32f4xx_usart.o(i.USART_HalfDuplexCmd), (24 bytes).
    Removing stm32f4xx_usart.o(i.USART_ITConfig), (74 bytes).
    Removing stm32f4xx_usart.o(i.USART_Init), (212 bytes).
    Removing stm32f4xx_usart.o(i.USART_IrDACmd), (24 bytes).
    Removing stm32f4xx_usart.o(i.USART_IrDAConfig), (18 bytes).
    Removing stm32f4xx_usart.o(i.USART_LINBreakDetectLengthConfig), (18 bytes).
    Removing stm32f4xx_usart.o(i.USART_LINCmd), (24 bytes).
    Removing stm32f4xx_usart.o(i.USART_OneBitMethodCmd), (24 bytes).
    Removing stm32f4xx_usart.o(i.USART_OverSampling8Cmd), (22 bytes).
    Removing stm32f4xx_usart.o(i.USART_ReceiverWakeUpCmd), (24 bytes).
    Removing stm32f4xx_usart.o(i.USART_SendBreak), (10 bytes).
    Removing stm32f4xx_usart.o(i.USART_SendData), (8 bytes).
    Removing stm32f4xx_usart.o(i.USART_SetAddress), (18 bytes).
    Removing stm32f4xx_usart.o(i.USART_SetGuardTime), (16 bytes).
    Removing stm32f4xx_usart.o(i.USART_SetPrescaler), (16 bytes).
    Removing stm32f4xx_usart.o(i.USART_SmartCardCmd), (24 bytes).
    Removing stm32f4xx_usart.o(i.USART_SmartCardNACKCmd), (24 bytes).
    Removing stm32f4xx_usart.o(i.USART_StructInit), (24 bytes).
    Removing stm32f4xx_usart.o(i.USART_WakeUpConfig), (18 bytes).
    Removing startup_stm32f40_41xxx.o(HEAP), (512 bytes).
    Removing stm32f4xx_rcc.o(.rev16_text), (4 bytes).
    Removing stm32f4xx_rcc.o(.revsh_text), (4 bytes).
    Removing stm32f4xx_rcc.o(i.RCC_AHB1PeriphClockCmd), (32 bytes).
    Removing stm32f4xx_rcc.o(i.RCC_AHB1PeriphClockLPModeCmd), (32 bytes).
    Removing stm32f4xx_rcc.o(i.RCC_AHB1PeriphResetCmd), (32 bytes).
    Removing stm32f4xx_rcc.o(i.RCC_AHB2PeriphClockCmd), (32 bytes).
    Removing stm32f4xx_rcc.o(i.RCC_AHB2PeriphClockLPModeCmd), (32 bytes).
    Removing stm32f4xx_rcc.o(i.RCC_AHB2PeriphResetCmd), (32 bytes).
    Removing stm32f4xx_rcc.o(i.RCC_AHB3PeriphClockCmd), (32 bytes).
    Removing stm32f4xx_rcc.o(i.RCC_AHB3PeriphClockLPModeCmd), (32 bytes).
    Removing stm32f4xx_rcc.o(i.RCC_AHB3PeriphResetCmd), (32 bytes).
    Removing stm32f4xx_rcc.o(i.RCC_APB1PeriphClockCmd), (32 bytes).
    Removing stm32f4xx_rcc.o(i.RCC_APB1PeriphClockLPModeCmd), (32 bytes).
    Removing stm32f4xx_rcc.o(i.RCC_APB1PeriphResetCmd), (32 bytes).
    Removing stm32f4xx_rcc.o(i.RCC_APB2PeriphClockCmd), (32 bytes).
    Removing stm32f4xx_rcc.o(i.RCC_APB2PeriphClockLPModeCmd), (32 bytes).
    Removing stm32f4xx_rcc.o(i.RCC_APB2PeriphResetCmd), (32 bytes).
    Removing stm32f4xx_rcc.o(i.RCC_AdjustHSICalibrationValue), (24 bytes).
    Removing stm32f4xx_rcc.o(i.RCC_BackupResetCmd), (12 bytes).
    Removing stm32f4xx_rcc.o(i.RCC_ClearFlag), (20 bytes).
    Removing stm32f4xx_rcc.o(i.RCC_ClearITPendingBit), (12 bytes).
    Removing stm32f4xx_rcc.o(i.RCC_ClockSecuritySystemCmd), (12 bytes).
    Removing stm32f4xx_rcc.o(i.RCC_DeInit), (100 bytes).
    Removing stm32f4xx_rcc.o(i.RCC_GetClocksFreq), (232 bytes).
    Removing stm32f4xx_rcc.o(i.RCC_GetFlagStatus), (64 bytes).
    Removing stm32f4xx_rcc.o(i.RCC_GetITStatus), (24 bytes).
    Removing stm32f4xx_rcc.o(i.RCC_GetSYSCLKSource), (16 bytes).
    Removing stm32f4xx_rcc.o(i.RCC_HCLKConfig), (24 bytes).
    Removing stm32f4xx_rcc.o(i.RCC_HSEConfig), (16 bytes).
    Removing stm32f4xx_rcc.o(i.RCC_HSICmd), (12 bytes).
    Removing stm32f4xx_rcc.o(i.RCC_I2SCLKConfig), (12 bytes).
    Removing stm32f4xx_rcc.o(i.RCC_ITConfig), (32 bytes).
    Removing stm32f4xx_rcc.o(i.RCC_LSEConfig), (44 bytes).
    Removing stm32f4xx_rcc.o(i.RCC_LSEModeConfig), (36 bytes).
    Removing stm32f4xx_rcc.o(i.RCC_LSICmd), (12 bytes).
    Removing stm32f4xx_rcc.o(i.RCC_LTDCCLKDivConfig), (24 bytes).
    Removing stm32f4xx_rcc.o(i.RCC_MCO1Config), (28 bytes).
    Removing stm32f4xx_rcc.o(i.RCC_MCO2Config), (28 bytes).
    Removing stm32f4xx_rcc.o(i.RCC_PCLK1Config), (24 bytes).
    Removing stm32f4xx_rcc.o(i.RCC_PCLK2Config), (24 bytes).
    Removing stm32f4xx_rcc.o(i.RCC_PLLCmd), (12 bytes).
    Removing stm32f4xx_rcc.o(i.RCC_PLLConfig), (36 bytes).
    Removing stm32f4xx_rcc.o(i.RCC_PLLI2SCmd), (12 bytes).
    Removing stm32f4xx_rcc.o(i.RCC_PLLI2SConfig), (16 bytes).
    Removing stm32f4xx_rcc.o(i.RCC_PLLSAICmd), (12 bytes).
    Removing stm32f4xx_rcc.o(i.RCC_PLLSAIConfig), (24 bytes).
    Removing stm32f4xx_rcc.o(i.RCC_RTCCLKCmd), (12 bytes).
    Removing stm32f4xx_rcc.o(i.RCC_RTCCLKConfig), (60 bytes).
    Removing stm32f4xx_rcc.o(i.RCC_SAIBlockACLKConfig), (24 bytes).
    Removing stm32f4xx_rcc.o(i.RCC_SAIBlockBCLKConfig), (24 bytes).
    Removing stm32f4xx_rcc.o(i.RCC_SAIPLLI2SClkDivConfig), (28 bytes).
    Removing stm32f4xx_rcc.o(i.RCC_SAIPLLSAIClkDivConfig), (28 bytes).
    Removing stm32f4xx_rcc.o(i.RCC_SYSCLKConfig), (24 bytes).
    Removing stm32f4xx_rcc.o(i.RCC_TIMCLKPresConfig), (12 bytes).
    Removing stm32f4xx_rcc.o(i.RCC_WaitForHSEStartUp), (56 bytes).
    Removing stm32f4xx_rcc.o(.data), (16 bytes).
    Removing stm32f4xx_spi.o(.rev16_text), (4 bytes).
    Removing stm32f4xx_spi.o(.revsh_text), (4 bytes).
    Removing stm32f4xx_spi.o(i.I2S_Cmd), (24 bytes).
    Removing stm32f4xx_spi.o(i.I2S_FullDuplexConfig), (80 bytes).
    Removing stm32f4xx_spi.o(i.I2S_Init), (408 bytes).
    Removing stm32f4xx_spi.o(i.I2S_StructInit), (20 bytes).
    Removing stm32f4xx_spi.o(i.SPI_BiDirectionalLineConfig), (28 bytes).
    Removing stm32f4xx_spi.o(i.SPI_CalculateCRC), (24 bytes).
    Removing stm32f4xx_spi.o(i.SPI_Cmd), (24 bytes).
    Removing stm32f4xx_spi.o(i.SPI_DataSizeConfig), (18 bytes).
    Removing stm32f4xx_spi.o(i.SPI_GetCRC), (16 bytes).
    Removing stm32f4xx_spi.o(i.SPI_GetCRCPolynomial), (6 bytes).
    Removing stm32f4xx_spi.o(i.SPI_I2S_ClearFlag), (6 bytes).
    Removing stm32f4xx_spi.o(i.SPI_I2S_ClearITPendingBit), (20 bytes).
    Removing stm32f4xx_spi.o(i.SPI_I2S_DMACmd), (18 bytes).
    Removing stm32f4xx_spi.o(i.SPI_I2S_DeInit), (176 bytes).
    Removing stm32f4xx_spi.o(i.SPI_I2S_GetFlagStatus), (18 bytes).
    Removing stm32f4xx_spi.o(i.SPI_I2S_GetITStatus), (52 bytes).
    Removing stm32f4xx_spi.o(i.SPI_I2S_ITConfig), (32 bytes).
    Removing stm32f4xx_spi.o(i.SPI_I2S_ReceiveData), (6 bytes).
    Removing stm32f4xx_spi.o(i.SPI_I2S_SendData), (4 bytes).
    Removing stm32f4xx_spi.o(i.SPI_Init), (60 bytes).
    Removing stm32f4xx_spi.o(i.SPI_NSSInternalSoftwareConfig), (30 bytes).
    Removing stm32f4xx_spi.o(i.SPI_SSOutputCmd), (24 bytes).
    Removing stm32f4xx_spi.o(i.SPI_StructInit), (24 bytes).
    Removing stm32f4xx_spi.o(i.SPI_TIModeCmd), (24 bytes).
    Removing stm32f4xx_spi.o(i.SPI_TransmitCRC), (10 bytes).
    Removing algorithmofcrc.o(.rev16_text), (4 bytes).
    Removing algorithmofcrc.o(.revsh_text), (4 bytes).
    Removing algorithmofcrc.o(i.Append_CRC16_Check_Sum), (48 bytes).
    Removing algorithmofcrc.o(i.Append_CRC8_Check_Sum), (36 bytes).
    Removing algorithmofcrc.o(i.Get_CRC16_Check_Sum), (52 bytes).
    Removing algorithmofcrc.o(i.Get_CRC8_Check_Sum), (36 bytes).
    Removing algorithmofcrc.o(i.Verify_CRC16_Check_Sum), (64 bytes).
    Removing algorithmofcrc.o(i.Verify_CRC8_Check_Sum), (56 bytes).
    Removing algorithmofcrc.o(.constdata), (769 bytes).
    Removing algorithmofcrc.o(.data), (4 bytes).
    Removing tim.o(.rev16_text), (4 bytes).
    Removing tim.o(.revsh_text), (4 bytes).
    Removing tim.o(i.TIM2_Configuration), (104 bytes).
    Removing tim.o(i.delay_ms), (54 bytes).
    Removing start_task.o(.rev16_text), (4 bytes).
    Removing start_task.o(.revsh_text), (4 bytes).
    Removing start_task.o(i.CPU_task), (56 bytes).
    Removing start_task.o(i.startTast), (44 bytes).
    Removing start_task.o(i.start_task), (68 bytes).
    Removing start_task.o(.bss), (12 bytes).
    Removing start_task.o(.data), (12 bytes).
    Removing usart1.o(.rev16_text), (4 bytes).
    Removing usart1.o(.revsh_text), (4 bytes).
    Removing usart1.o(i.Serial_SendArray), (24 bytes).
    Removing usart1.o(i.Serial_SendByte), (32 bytes).
    Removing usart1.o(i.Serial_SendString), (24 bytes).
    Removing usart1.o(i.USART1_Configuration), (228 bytes).
    Removing usart1.o(i.fputc), (16 bytes).
    Removing wifi.o(.rev16_text), (4 bytes).
    Removing wifi.o(.revsh_text), (4 bytes).
    Removing wifi.o(i.NRF24L01_Check), (80 bytes).
    Removing wifi.o(i.NRF24L01_Init), (108 bytes).
    Removing wifi.o(i.NRF24L01_RX_Mode), (88 bytes).
    Removing wifi.o(i.NRF24L01_Read_Buf), (60 bytes).
    Removing wifi.o(i.NRF24L01_Read_Reg), (44 bytes).
    Removing wifi.o(i.NRF24L01_RxPacket), (58 bytes).
    Removing wifi.o(i.NRF24L01_TX_Mode), (104 bytes).
    Removing wifi.o(i.NRF24L01_TxPacket), (112 bytes).
    Removing wifi.o(i.NRF24L01_Write_Buf), (60 bytes).
    Removing wifi.o(i.NRF24L01_Write_Reg), (48 bytes).
    Removing wifi.o(.constdata), (10 bytes).
    Removing spi.o(.rev16_text), (4 bytes).
    Removing spi.o(.revsh_text), (4 bytes).
    Removing spi.o(i.SPI1_Init), (296 bytes).
    Removing spi.o(i.SPI1_ReadWriteByte), (56 bytes).
    Removing spi.o(i.SPI1_SetSpeed), (40 bytes).
    Removing lcd.o(.rev16_text), (4 bytes).
    Removing lcd.o(.revsh_text), (4 bytes).
    Removing lcd.o(i.GPIOInit), (168 bytes).
    Removing lcd.o(i.LCD_Clear), (10 bytes).
    Removing lcd.o(i.LCD_Init), (68 bytes).
    Removing lcd.o(i.LCD_Write), (124 bytes).
    Removing lcd.o(i.LCD_WriteCommand), (68 bytes).
    Removing lcd.o(i.LCD_WriteData), (68 bytes).
    Removing lcd.o(i.Move_String), (40 bytes).
    Removing lcd.o(i.Set_cursor), (28 bytes).
    Removing lcd.o(i.Show_String), (34 bytes).
    Removing sd.o(.rev16_text), (4 bytes).
    Removing sd.o(.revsh_text), (4 bytes).
    Removing sd.o(i.GPIO_Configuration), (204 bytes).
    Removing sd.o(i.SD_DeInit), (104 bytes).
    Removing sd.o(i.SD_Detect), (12 bytes).
    Removing sd.o(i.SD_GetCIDRegister), (268 bytes).
    Removing sd.o(i.SD_GetCSDRegister), (568 bytes).
    Removing sd.o(i.SD_GetCardInfo), (176 bytes).
    Removing sd.o(i.SD_GetCardType), (388 bytes).
    Removing sd.o(i.SD_GetDataResponse), (76 bytes).
    Removing sd.o(i.SD_GetResponse), (34 bytes).
    Removing sd.o(i.SD_GetStatus), (64 bytes).
    Removing sd.o(i.SD_GoIdleState), (60 bytes).
    Removing sd.o(i.SD_Init), (92 bytes).
    Removing sd.o(i.SD_ReadBlock), (144 bytes).
    Removing sd.o(i.SD_ReadByte), (56 bytes).
    Removing sd.o(i.SD_ReadMultiBlocks), (188 bytes).
    Removing sd.o(i.SD_SendCmd), (70 bytes).
    Removing sd.o(i.SD_WriteBlock), (156 bytes).
    Removing sd.o(i.SD_WriteByte), (56 bytes).
    Removing sd.o(i.SD_WriteMultiBlocks), (196 bytes).
    Removing sd.o(.bss), (88 bytes).
    Removing sd.o(.data), (1 bytes).
    Removing key.o(.rev16_text), (4 bytes).
    Removing key.o(.revsh_text), (4 bytes).
    Removing key.o(i.Key_Init), (260 bytes).
    Removing key.o(i.Key_Scan), (136 bytes).
    Removing main.o(.rev16_text), (4 bytes).
    Removing main.o(.revsh_text), (4 bytes).
    Removing main.o(i.System_Configration), (8 bytes).
    Removing main.o(i.System_Init), (2 bytes).
    Removing stm32f4xx_it.o(.rev16_text), (4 bytes).
    Removing stm32f4xx_it.o(.revsh_text), (4 bytes).
    Removing system_stm32f4xx.o(.rev16_text), (4 bytes).
    Removing system_stm32f4xx.o(.revsh_text), (4 bytes).
    Removing system_stm32f4xx.o(i.SystemCoreClockUpdate), (192 bytes).
    Removing system_stm32f4xx.o(.data), (20 bytes).
    Removing dadd.o(.text), (334 bytes).
    Removing dmul.o(.text), (228 bytes).
    Removing ddiv.o(.text), (222 bytes).
    Removing dfixul.o(.text), (48 bytes).
    Removing cdrcmple.o(.text), (48 bytes).
    Removing depilogue.o(.text), (186 bytes).

602 unused section(s) (total 49860 bytes) removed from the image.

==============================================================================

Image Symbol Table

    Local Symbols

    Symbol Name                              Value     Ov Type        Size  Object(Section)

    ../clib/microlib/division.c              0x00000000   Number         0  uldiv.o ABSOLUTE
    ../clib/microlib/division.c              0x00000000   Number         0  uidiv.o ABSOLUTE
    ../clib/microlib/init/entry.s            0x00000000   Number         0  entry7b.o ABSOLUTE
    ../clib/microlib/init/entry.s            0x00000000   Number         0  entry9a.o ABSOLUTE
    ../clib/microlib/init/entry.s            0x00000000   Number         0  entry8b.o ABSOLUTE
    ../clib/microlib/init/entry.s            0x00000000   Number         0  entry5.o ABSOLUTE
    ../clib/microlib/init/entry.s            0x00000000   Number         0  entry.o ABSOLUTE
    ../clib/microlib/init/entry.s            0x00000000   Number         0  entry8a.o ABSOLUTE
    ../clib/microlib/init/entry.s            0x00000000   Number         0  entry7a.o ABSOLUTE
    ../clib/microlib/init/entry.s            0x00000000   Number         0  entry10b.o ABSOLUTE
    ../clib/microlib/init/entry.s            0x00000000   Number         0  entry2.o ABSOLUTE
    ../clib/microlib/init/entry.s            0x00000000   Number         0  entry10a.o ABSOLUTE
    ../clib/microlib/init/entry.s            0x00000000   Number         0  entry11b.o ABSOLUTE
    ../clib/microlib/init/entry.s            0x00000000   Number         0  entry9b.o ABSOLUTE
    ../clib/microlib/init/entry.s            0x00000000   Number         0  entry11a.o ABSOLUTE
    ../clib/microlib/longlong.c              0x00000000   Number         0  llushr.o ABSOLUTE
    ../clib/microlib/longlong.c              0x00000000   Number         0  llsshr.o ABSOLUTE
    ../clib/microlib/longlong.c              0x00000000   Number         0  llshl.o ABSOLUTE
    ../clib/microlib/printf/printf.c         0x00000000   Number         0  printf0.o ABSOLUTE
    ../clib/microlib/printf/printf.c         0x00000000   Number         0  printf1.o ABSOLUTE
    ../clib/microlib/printf/printf.c         0x00000000   Number         0  printfb.o ABSOLUTE
    ../clib/microlib/printf/printf.c         0x00000000   Number         0  printfa.o ABSOLUTE
    ../clib/microlib/printf/printf.c         0x00000000   Number         0  printf8.o ABSOLUTE
    ../clib/microlib/printf/printf.c         0x00000000   Number         0  printf7.o ABSOLUTE
    ../clib/microlib/printf/printf.c         0x00000000   Number         0  printf6.o ABSOLUTE
    ../clib/microlib/printf/printf.c         0x00000000   Number         0  printf5.o ABSOLUTE
    ../clib/microlib/printf/printf.c         0x00000000   Number         0  printf4.o ABSOLUTE
    ../clib/microlib/printf/printf.c         0x00000000   Number         0  printf3.o ABSOLUTE
    ../clib/microlib/printf/printf.c         0x00000000   Number         0  printf2.o ABSOLUTE
    ../clib/microlib/printf/stubs.s          0x00000000   Number         0  stubs.o ABSOLUTE
    ../clib/microlib/stdio/streams.c         0x00000000   Number         0  stdout.o ABSOLUTE
    ../clib/microlib/string/memcpy.c         0x00000000   Number         0  memcpya.o ABSOLUTE
    ../clib/microlib/string/memcpy.c         0x00000000   Number         0  memcpyb.o ABSOLUTE
    ../clib/microlib/string/memset.c         0x00000000   Number         0  memseta.o ABSOLUTE
    ../clib/microlib/string/strcpy.c         0x00000000   Number         0  strcpy.o ABSOLUTE
    ../clib/microlib/string/strlen.c         0x00000000   Number         0  strlen.o ABSOLUTE
    ../clib/microlib/stubs.s                 0x00000000   Number         0  iusefp.o ABSOLUTE
    ../fplib/microlib/fpadd.c                0x00000000   Number         0  dadd.o ABSOLUTE
    ../fplib/microlib/fpdiv.c                0x00000000   Number         0  ddiv.o ABSOLUTE
    ../fplib/microlib/fpepilogue.c           0x00000000   Number         0  depilogue.o ABSOLUTE
    ../fplib/microlib/fpfix.c                0x00000000   Number         0  dfixul.o ABSOLUTE
    ../fplib/microlib/fpmul.c                0x00000000   Number         0  dmul.o ABSOLUTE
    ..\FreeRTOS\port\MemMang\heap_4.c        0x00000000   Number         0  heap_4.o ABSOLUTE
    ..\FreeRTOS\port\RVDS\ARM_CM4F\port.c    0x00000000   Number         0  port.o ABSOLUTE
    ..\FreeRTOS\src\croutine.c               0x00000000   Number         0  croutine.o ABSOLUTE
    ..\FreeRTOS\src\event_groups.c           0x00000000   Number         0  event_groups.o ABSOLUTE
    ..\FreeRTOS\src\list.c                   0x00000000   Number         0  list.o ABSOLUTE
    ..\FreeRTOS\src\queue.c                  0x00000000   Number         0  queue.o ABSOLUTE
    ..\FreeRTOS\src\tasks.c                  0x00000000   Number         0  tasks.o ABSOLUTE
    ..\FreeRTOS\src\timers.c                 0x00000000   Number         0  timers.o ABSOLUTE
    ..\Hardware\SD.c                         0x00000000   Number         0  sd.o ABSOLUTE
    ..\Hardware\key.c                        0x00000000   Number         0  key.o ABSOLUTE
    ..\Hardware\lcd.c                        0x00000000   Number         0  lcd.o ABSOLUTE
    ..\Hardware\spi.c                        0x00000000   Number         0  spi.o ABSOLUTE
    ..\Hardware\usart1.c                     0x00000000   Number         0  usart1.o ABSOLUTE
    ..\Hardware\wifi.c                       0x00000000   Number         0  wifi.o ABSOLUTE
    ..\Library\CMSIS\startup_stm32f40_41xxx.s 0x00000000   Number         0  startup_stm32f40_41xxx.o ABSOLUTE
    ..\Library\src\misc.c                    0x00000000   Number         0  misc.o ABSOLUTE
    ..\Library\src\stm32f4xx_adc.c           0x00000000   Number         0  stm32f4xx_adc.o ABSOLUTE
    ..\Library\src\stm32f4xx_can.c           0x00000000   Number         0  stm32f4xx_can.o ABSOLUTE
    ..\Library\src\stm32f4xx_dma.c           0x00000000   Number         0  stm32f4xx_dma.o ABSOLUTE
    ..\Library\src\stm32f4xx_exti.c          0x00000000   Number         0  stm32f4xx_exti.o ABSOLUTE
    ..\Library\src\stm32f4xx_flash.c         0x00000000   Number         0  stm32f4xx_flash.o ABSOLUTE
    ..\Library\src\stm32f4xx_gpio.c          0x00000000   Number         0  stm32f4xx_gpio.o ABSOLUTE
    ..\Library\src\stm32f4xx_rcc.c           0x00000000   Number         0  stm32f4xx_rcc.o ABSOLUTE
    ..\Library\src\stm32f4xx_spi.c           0x00000000   Number         0  stm32f4xx_spi.o ABSOLUTE
    ..\Library\src\stm32f4xx_syscfg.c        0x00000000   Number         0  stm32f4xx_syscfg.o ABSOLUTE
    ..\Library\src\stm32f4xx_tim.c           0x00000000   Number         0  stm32f4xx_tim.o ABSOLUTE
    ..\Library\src\stm32f4xx_usart.c         0x00000000   Number         0  stm32f4xx_usart.o ABSOLUTE
    ..\Mylib\algorithmOfCRC.c                0x00000000   Number         0  algorithmofcrc.o ABSOLUTE
    ..\Mylib\tim.c                           0x00000000   Number         0  tim.o ABSOLUTE
    ..\Task\Start_Task.c                     0x00000000   Number         0  start_task.o ABSOLUTE
    ..\\FreeRTOS\\port\\MemMang\\heap_4.c    0x00000000   Number         0  heap_4.o ABSOLUTE
    ..\\FreeRTOS\\port\\RVDS\\ARM_CM4F\\port.c 0x00000000   Number         0  port.o ABSOLUTE
    ..\\FreeRTOS\\src\\croutine.c            0x00000000   Number         0  croutine.o ABSOLUTE
    ..\\FreeRTOS\\src\\event_groups.c        0x00000000   Number         0  event_groups.o ABSOLUTE
    ..\\FreeRTOS\\src\\list.c                0x00000000   Number         0  list.o ABSOLUTE
    ..\\FreeRTOS\\src\\queue.c               0x00000000   Number         0  queue.o ABSOLUTE
    ..\\FreeRTOS\\src\\tasks.c               0x00000000   Number         0  tasks.o ABSOLUTE
    ..\\FreeRTOS\\src\\timers.c              0x00000000   Number         0  timers.o ABSOLUTE
    ..\\Hardware\\SD.c                       0x00000000   Number         0  sd.o ABSOLUTE
    ..\\Hardware\\key.c                      0x00000000   Number         0  key.o ABSOLUTE
    ..\\Hardware\\lcd.c                      0x00000000   Number         0  lcd.o ABSOLUTE
    ..\\Hardware\\spi.c                      0x00000000   Number         0  spi.o ABSOLUTE
    ..\\Hardware\\usart1.c                   0x00000000   Number         0  usart1.o ABSOLUTE
    ..\\Hardware\\wifi.c                     0x00000000   Number         0  wifi.o ABSOLUTE
    ..\\Library\\src\\misc.c                 0x00000000   Number         0  misc.o ABSOLUTE
    ..\\Library\\src\\stm32f4xx_adc.c        0x00000000   Number         0  stm32f4xx_adc.o ABSOLUTE
    ..\\Library\\src\\stm32f4xx_can.c        0x00000000   Number         0  stm32f4xx_can.o ABSOLUTE
    ..\\Library\\src\\stm32f4xx_dma.c        0x00000000   Number         0  stm32f4xx_dma.o ABSOLUTE
    ..\\Library\\src\\stm32f4xx_exti.c       0x00000000   Number         0  stm32f4xx_exti.o ABSOLUTE
    ..\\Library\\src\\stm32f4xx_flash.c      0x00000000   Number         0  stm32f4xx_flash.o ABSOLUTE
    ..\\Library\\src\\stm32f4xx_gpio.c       0x00000000   Number         0  stm32f4xx_gpio.o ABSOLUTE
    ..\\Library\\src\\stm32f4xx_rcc.c        0x00000000   Number         0  stm32f4xx_rcc.o ABSOLUTE
    ..\\Library\\src\\stm32f4xx_spi.c        0x00000000   Number         0  stm32f4xx_spi.o ABSOLUTE
    ..\\Library\\src\\stm32f4xx_syscfg.c     0x00000000   Number         0  stm32f4xx_syscfg.o ABSOLUTE
    ..\\Library\\src\\stm32f4xx_tim.c        0x00000000   Number         0  stm32f4xx_tim.o ABSOLUTE
    ..\\Library\\src\\stm32f4xx_usart.c      0x00000000   Number         0  stm32f4xx_usart.o ABSOLUTE
    ..\\Mylib\\algorithmOfCRC.c              0x00000000   Number         0  algorithmofcrc.o ABSOLUTE
    ..\\Mylib\\tim.c                         0x00000000   Number         0  tim.o ABSOLUTE
    ..\\Task\\Start_Task.c                   0x00000000   Number         0  start_task.o ABSOLUTE
    cdrcmple.s                               0x00000000   Number         0  cdrcmple.o ABSOLUTE
    dc.s                                     0x00000000   Number         0  dc.o ABSOLUTE
    handlers.s                               0x00000000   Number         0  handlers.o ABSOLUTE
    init.s                                   0x00000000   Number         0  init.o ABSOLUTE
    main.c                                   0x00000000   Number         0  main.o ABSOLUTE
    main.c                                   0x00000000   Number         0  main.o ABSOLUTE
    stm32f4xx_it.c                           0x00000000   Number         0  stm32f4xx_it.o ABSOLUTE
    stm32f4xx_it.c                           0x00000000   Number         0  stm32f4xx_it.o ABSOLUTE
    system_stm32f4xx.c                       0x00000000   Number         0  system_stm32f4xx.o ABSOLUTE
    system_stm32f4xx.c                       0x00000000   Number         0  system_stm32f4xx.o ABSOLUTE
    RESET                                    0x08000000   Section      392  startup_stm32f40_41xxx.o(RESET)
    .ARM.Collect$$$$00000000                 0x08000188   Section        0  entry.o(.ARM.Collect$$$$00000000)
    .ARM.Collect$$$$00000001                 0x08000188   Section        4  entry2.o(.ARM.Collect$$$$00000001)
    .ARM.Collect$$$$00000004                 0x0800018c   Section        4  entry5.o(.ARM.Collect$$$$00000004)
    .ARM.Collect$$$$00000008                 0x08000190   Section        0  entry7b.o(.ARM.Collect$$$$00000008)
    .ARM.Collect$$$$0000000A                 0x08000190   Section        0  entry8b.o(.ARM.Collect$$$$0000000A)
    .ARM.Collect$$$$0000000B                 0x08000190   Section        8  entry9a.o(.ARM.Collect$$$$0000000B)
    .ARM.Collect$$$$0000000D                 0x08000198   Section        0  entry10a.o(.ARM.Collect$$$$0000000D)
    .ARM.Collect$$$$0000000F                 0x08000198   Section        0  entry11a.o(.ARM.Collect$$$$0000000F)
    .ARM.Collect$$$$00002712                 0x08000198   Section        4  entry2.o(.ARM.Collect$$$$00002712)
    __lit__00000000                          0x08000198   Data           4  entry2.o(.ARM.Collect$$$$00002712)
    .emb_text                                0x0800019c   Section      182  port.o(.emb_text)
    $v0                                      0x0800019c   Number         0  port.o(.emb_text)
    .text                                    0x08000254   Section       36  startup_stm32f40_41xxx.o(.text)
    $v0                                      0x08000254   Number         0  startup_stm32f40_41xxx.o(.text)
    .text                                    0x08000278   Section       36  init.o(.text)
    i.BusFault_Handler                       0x0800029c   Section        0  stm32f4xx_it.o(i.BusFault_Handler)
    i.DebugMon_Handler                       0x080002a0   Section        0  stm32f4xx_it.o(i.DebugMon_Handler)
    i.HardFault_Handler                      0x080002a2   Section        0  stm32f4xx_it.o(i.HardFault_Handler)
    i.MemManage_Handler                      0x080002a6   Section        0  stm32f4xx_it.o(i.MemManage_Handler)
    i.NMI_Handler                            0x080002aa   Section        0  stm32f4xx_it.o(i.NMI_Handler)
    i.SetSysClock                            0x080002ac   Section        0  system_stm32f4xx.o(i.SetSysClock)
    SetSysClock                              0x080002ad   Thumb Code   220  system_stm32f4xx.o(i.SetSysClock)
    i.SysTick_Handler                        0x08000398   Section        0  stm32f4xx_it.o(i.SysTick_Handler)
    i.SystemInit                             0x080003a0   Section        0  system_stm32f4xx.o(i.SystemInit)
    i.TIM2_IRQHandler                        0x08000408   Section        0  tim.o(i.TIM2_IRQHandler)
    i.TIM_ClearITPendingBit                  0x0800042c   Section        0  stm32f4xx_tim.o(i.TIM_ClearITPendingBit)
    i.TIM_GetITStatus                        0x08000432   Section        0  stm32f4xx_tim.o(i.TIM_GetITStatus)
    i.USART1_IRQHandler                      0x08000454   Section        0  usart1.o(i.USART1_IRQHandler)
    i.USART_ClearITPendingBit                0x08000484   Section        0  stm32f4xx_usart.o(i.USART_ClearITPendingBit)
    i.USART_GetITStatus                      0x080004a2   Section        0  stm32f4xx_usart.o(i.USART_GetITStatus)
    i.USART_ReceiveData                      0x080004f6   Section        0  stm32f4xx_usart.o(i.USART_ReceiveData)
    i.UsageFault_Handler                     0x08000500   Section        0  stm32f4xx_it.o(i.UsageFault_Handler)
    i.__scatterload_copy                     0x08000504   Section       14  handlers.o(i.__scatterload_copy)
    i.__scatterload_null                     0x08000512   Section        2  handlers.o(i.__scatterload_null)
    i.__scatterload_zeroinit                 0x08000514   Section       14  handlers.o(i.__scatterload_zeroinit)
    i.main                                   0x08000522   Section        0  main.o(i.main)
    i.prvResetNextTaskUnblockTime            0x08000528   Section        0  tasks.o(i.prvResetNextTaskUnblockTime)
    prvResetNextTaskUnblockTime              0x08000529   Thumb Code    42  tasks.o(i.prvResetNextTaskUnblockTime)
    i.uxListRemove                           0x0800055c   Section        0  list.o(i.uxListRemove)
    i.vListInsertEnd                         0x08000584   Section        0  list.o(i.vListInsertEnd)
    i.vTaskSwitchContext                     0x0800059c   Section        0  tasks.o(i.vTaskSwitchContext)
    i.xPortSysTickHandler                    0x0800063c   Section        0  port.o(i.xPortSysTickHandler)
    i.xTaskIncrementTick                     0x08000670   Section        0  tasks.o(i.xTaskIncrementTick)
    .data                                    0x20000000   Section       68  tasks.o(.data)
    pxDelayedTaskList                        0x20000004   Data           4  tasks.o(.data)
    pxOverflowDelayedTaskList                0x20000008   Data           4  tasks.o(.data)
    uxDeletedTasksWaitingCleanUp             0x2000000c   Data           4  tasks.o(.data)
    uxCurrentNumberOfTasks                   0x20000010   Data           4  tasks.o(.data)
    xTickCount                               0x20000014   Data           4  tasks.o(.data)
    uxTopReadyPriority                       0x20000018   Data           4  tasks.o(.data)
    xSchedulerRunning                        0x2000001c   Data           4  tasks.o(.data)
    uxPendedTicks                            0x20000020   Data           4  tasks.o(.data)
    xYieldPending                            0x20000024   Data           4  tasks.o(.data)
    xNumOfOverflows                          0x20000028   Data           4  tasks.o(.data)
    uxTaskNumber                             0x2000002c   Data           4  tasks.o(.data)
    xNextTaskUnblockTime                     0x20000030   Data           4  tasks.o(.data)
    xIdleTaskHandle                          0x20000034   Data           4  tasks.o(.data)
    uxSchedulerSuspended                     0x20000038   Data           4  tasks.o(.data)
    ulTaskSwitchedInTime                     0x2000003c   Data           4  tasks.o(.data)
    ulTotalRunTime                           0x20000040   Data           4  tasks.o(.data)
    .data                                    0x20000044   Section        8  tim.o(.data)
    .bss                                     0x2000004c   Section      740  tasks.o(.bss)
    pxReadyTasksLists                        0x2000004c   Data         640  tasks.o(.bss)
    xDelayedTaskList1                        0x200002cc   Data          20  tasks.o(.bss)
    xDelayedTaskList2                        0x200002e0   Data          20  tasks.o(.bss)
    xPendingReadyList                        0x200002f4   Data          20  tasks.o(.bss)
    xTasksWaitingTermination                 0x20000308   Data          20  tasks.o(.bss)
    xSuspendedTaskList                       0x2000031c   Data          20  tasks.o(.bss)
    .bss                                     0x20000330   Section       50  usart1.o(.bss)
    STACK                                    0x20000368   Section     1024  startup_stm32f40_41xxx.o(STACK)

    Global Symbols

    Symbol Name                              Value     Ov Type        Size  Object(Section)

    BuildAttributes$$THM_ISAv4$E$P$D$K$B$S$7EM$VFPi3$EXTD16$VFPS$VFMA$PE$A:L22UL41UL21$X:L11$S22US41US21$IEEE1$IW$USESV6$~STKCKD$USESV7$~SHL$OSPACE$ROPI$EBA8$MICROLIB$REQ8$PRES8$EABIv2 0x00000000   Number         0  anon$$obj.o ABSOLUTE
    __ARM_use_no_argv                        0x00000000   Number         0  main.o ABSOLUTE
    _printf_a                                0x00000000   Number         0  stubs.o ABSOLUTE
    _printf_c                                0x00000000   Number         0  stubs.o ABSOLUTE
    _printf_charcount                        0x00000000   Number         0  stubs.o ABSOLUTE
    _printf_d                                0x00000000   Number         0  stubs.o ABSOLUTE
    _printf_e                                0x00000000   Number         0  stubs.o ABSOLUTE
    _printf_f                                0x00000000   Number         0  stubs.o ABSOLUTE
    _printf_flags                            0x00000000   Number         0  stubs.o ABSOLUTE
    _printf_fp_dec                           0x00000000   Number         0  stubs.o ABSOLUTE
    _printf_fp_hex                           0x00000000   Number         0  stubs.o ABSOLUTE
    _printf_g                                0x00000000   Number         0  stubs.o ABSOLUTE
    _printf_i                                0x00000000   Number         0  stubs.o ABSOLUTE
    _printf_int_dec                          0x00000000   Number         0  stubs.o ABSOLUTE
    _printf_l                                0x00000000   Number         0  stubs.o ABSOLUTE
    _printf_lc                               0x00000000   Number         0  stubs.o ABSOLUTE
    _printf_ll                               0x00000000   Number         0  stubs.o ABSOLUTE
    _printf_lld                              0x00000000   Number         0  stubs.o ABSOLUTE
    _printf_lli                              0x00000000   Number         0  stubs.o ABSOLUTE
    _printf_llo                              0x00000000   Number         0  stubs.o ABSOLUTE
    _printf_llu                              0x00000000   Number         0  stubs.o ABSOLUTE
    _printf_llx                              0x00000000   Number         0  stubs.o ABSOLUTE
    _printf_longlong_dec                     0x00000000   Number         0  stubs.o ABSOLUTE
    _printf_longlong_hex                     0x00000000   Number         0  stubs.o ABSOLUTE
    _printf_longlong_oct                     0x00000000   Number         0  stubs.o ABSOLUTE
    _printf_ls                               0x00000000   Number         0  stubs.o ABSOLUTE
    _printf_mbtowc                           0x00000000   Number         0  stubs.o ABSOLUTE
    _printf_n                                0x00000000   Number         0  stubs.o ABSOLUTE
    _printf_o                                0x00000000   Number         0  stubs.o ABSOLUTE
    _printf_p                                0x00000000   Number         0  stubs.o ABSOLUTE
    _printf_percent                          0x00000000   Number         0  stubs.o ABSOLUTE
    _printf_pre_padding                      0x00000000   Number         0  stubs.o ABSOLUTE
    _printf_return_value                     0x00000000   Number         0  stubs.o ABSOLUTE
    _printf_s                                0x00000000   Number         0  stubs.o ABSOLUTE
    _printf_sizespec                         0x00000000   Number         0  stubs.o ABSOLUTE
    _printf_str                              0x00000000   Number         0  stubs.o ABSOLUTE
    _printf_truncate_signed                  0x00000000   Number         0  stubs.o ABSOLUTE
    _printf_truncate_unsigned                0x00000000   Number         0  stubs.o ABSOLUTE
    _printf_u                                0x00000000   Number         0  stubs.o ABSOLUTE
    _printf_wc                               0x00000000   Number         0  stubs.o ABSOLUTE
    _printf_wctomb                           0x00000000   Number         0  stubs.o ABSOLUTE
    _printf_widthprec                        0x00000000   Number         0  stubs.o ABSOLUTE
    _printf_x                                0x00000000   Number         0  stubs.o ABSOLUTE
    __cpp_initialize__aeabi_                  - Undefined Weak Reference
    __cxa_finalize                            - Undefined Weak Reference
    __decompress                              - Undefined Weak Reference
    _clock_init                               - Undefined Weak Reference
    _microlib_exit                            - Undefined Weak Reference
    __Vectors_Size                           0x00000188   Number         0  startup_stm32f40_41xxx.o ABSOLUTE
    __Vectors                                0x08000000   Data           4  startup_stm32f40_41xxx.o(RESET)
    __Vectors_End                            0x08000188   Data           0  startup_stm32f40_41xxx.o(RESET)
    __main                                   0x08000189   Thumb Code     0  entry.o(.ARM.Collect$$$$00000000)
    _main_stk                                0x08000189   Thumb Code     0  entry2.o(.ARM.Collect$$$$00000001)
    _main_scatterload                        0x0800018d   Thumb Code     0  entry5.o(.ARM.Collect$$$$00000004)
    __main_after_scatterload                 0x08000191   Thumb Code     0  entry5.o(.ARM.Collect$$$$00000004)
    _main_clock                              0x08000191   Thumb Code     0  entry7b.o(.ARM.Collect$$$$00000008)
    _main_cpp_init                           0x08000191   Thumb Code     0  entry8b.o(.ARM.Collect$$$$0000000A)
    _main_init                               0x08000191   Thumb Code     0  entry9a.o(.ARM.Collect$$$$0000000B)
    __rt_final_cpp                           0x08000199   Thumb Code     0  entry10a.o(.ARM.Collect$$$$0000000D)
    __rt_final_exit                          0x08000199   Thumb Code     0  entry11a.o(.ARM.Collect$$$$0000000F)
    SVC_Handler                              0x0800019d   Thumb Code    28  port.o(.emb_text)
    __asm___6_port_c_39a90d8d__prvStartFirstTask 0x080001bd   Thumb Code    28  port.o(.emb_text)
    __asm___6_port_c_39a90d8d__prvEnableVFP  0x080001dd   Thumb Code    16  port.o(.emb_text)
    PendSV_Handler                           0x080001f1   Thumb Code    88  port.o(.emb_text)
    vPortGetIPSR                             0x0800024d   Thumb Code     6  port.o(.emb_text)
    Reset_Handler                            0x08000255   Thumb Code     8  startup_stm32f40_41xxx.o(.text)
    ADC_IRQHandler                           0x0800026f   Thumb Code     0  startup_stm32f40_41xxx.o(.text)
    CAN1_RX0_IRQHandler                      0x0800026f   Thumb Code     0  startup_stm32f40_41xxx.o(.text)
    CAN1_RX1_IRQHandler                      0x0800026f   Thumb Code     0  startup_stm32f40_41xxx.o(.text)
    CAN1_SCE_IRQHandler                      0x0800026f   Thumb Code     0  startup_stm32f40_41xxx.o(.text)
    CAN1_TX_IRQHandler                       0x0800026f   Thumb Code     0  startup_stm32f40_41xxx.o(.text)
    CAN2_RX0_IRQHandler                      0x0800026f   Thumb Code     0  startup_stm32f40_41xxx.o(.text)
    CAN2_RX1_IRQHandler                      0x0800026f   Thumb Code     0  startup_stm32f40_41xxx.o(.text)
    CAN2_SCE_IRQHandler                      0x0800026f   Thumb Code     0  startup_stm32f40_41xxx.o(.text)
    CAN2_TX_IRQHandler                       0x0800026f   Thumb Code     0  startup_stm32f40_41xxx.o(.text)
    CRYP_IRQHandler                          0x0800026f   Thumb Code     0  startup_stm32f40_41xxx.o(.text)
    DCMI_IRQHandler                          0x0800026f   Thumb Code     0  startup_stm32f40_41xxx.o(.text)
    DMA1_Stream0_IRQHandler                  0x0800026f   Thumb Code     0  startup_stm32f40_41xxx.o(.text)
    DMA1_Stream1_IRQHandler                  0x0800026f   Thumb Code     0  startup_stm32f40_41xxx.o(.text)
    DMA1_Stream2_IRQHandler                  0x0800026f   Thumb Code     0  startup_stm32f40_41xxx.o(.text)
    DMA1_Stream3_IRQHandler                  0x0800026f   Thumb Code     0  startup_stm32f40_41xxx.o(.text)
    DMA1_Stream4_IRQHandler                  0x0800026f   Thumb Code     0  startup_stm32f40_41xxx.o(.text)
    DMA1_Stream5_IRQHandler                  0x0800026f   Thumb Code     0  startup_stm32f40_41xxx.o(.text)
    DMA1_Stream6_IRQHandler                  0x0800026f   Thumb Code     0  startup_stm32f40_41xxx.o(.text)
    DMA1_Stream7_IRQHandler                  0x0800026f   Thumb Code     0  startup_stm32f40_41xxx.o(.text)
    DMA2_Stream0_IRQHandler                  0x0800026f   Thumb Code     0  startup_stm32f40_41xxx.o(.text)
    DMA2_Stream1_IRQHandler                  0x0800026f   Thumb Code     0  startup_stm32f40_41xxx.o(.text)
    DMA2_Stream2_IRQHandler                  0x0800026f   Thumb Code     0  startup_stm32f40_41xxx.o(.text)
    DMA2_Stream3_IRQHandler                  0x0800026f   Thumb Code     0  startup_stm32f40_41xxx.o(.text)
    DMA2_Stream4_IRQHandler                  0x0800026f   Thumb Code     0  startup_stm32f40_41xxx.o(.text)
    DMA2_Stream5_IRQHandler                  0x0800026f   Thumb Code     0  startup_stm32f40_41xxx.o(.text)
    DMA2_Stream6_IRQHandler                  0x0800026f   Thumb Code     0  startup_stm32f40_41xxx.o(.text)
    DMA2_Stream7_IRQHandler                  0x0800026f   Thumb Code     0  startup_stm32f40_41xxx.o(.text)
    ETH_IRQHandler                           0x0800026f   Thumb Code     0  startup_stm32f40_41xxx.o(.text)
    ETH_WKUP_IRQHandler                      0x0800026f   Thumb Code     0  startup_stm32f40_41xxx.o(.text)
    EXTI0_IRQHandler                         0x0800026f   Thumb Code     0  startup_stm32f40_41xxx.o(.text)
    EXTI15_10_IRQHandler                     0x0800026f   Thumb Code     0  startup_stm32f40_41xxx.o(.text)
    EXTI1_IRQHandler                         0x0800026f   Thumb Code     0  startup_stm32f40_41xxx.o(.text)
    EXTI2_IRQHandler                         0x0800026f   Thumb Code     0  startup_stm32f40_41xxx.o(.text)
    EXTI3_IRQHandler                         0x0800026f   Thumb Code     0  startup_stm32f40_41xxx.o(.text)
    EXTI4_IRQHandler                         0x0800026f   Thumb Code     0  startup_stm32f40_41xxx.o(.text)
    EXTI9_5_IRQHandler                       0x0800026f   Thumb Code     0  startup_stm32f40_41xxx.o(.text)
    FLASH_IRQHandler                         0x0800026f   Thumb Code     0  startup_stm32f40_41xxx.o(.text)
    FPU_IRQHandler                           0x0800026f   Thumb Code     0  startup_stm32f40_41xxx.o(.text)
    FSMC_IRQHandler                          0x0800026f   Thumb Code     0  startup_stm32f40_41xxx.o(.text)
    HASH_RNG_IRQHandler                      0x0800026f   Thumb Code     0  startup_stm32f40_41xxx.o(.text)
    I2C1_ER_IRQHandler                       0x0800026f   Thumb Code     0  startup_stm32f40_41xxx.o(.text)
    I2C1_EV_IRQHandler                       0x0800026f   Thumb Code     0  startup_stm32f40_41xxx.o(.text)
    I2C2_ER_IRQHandler                       0x0800026f   Thumb Code     0  startup_stm32f40_41xxx.o(.text)
    I2C2_EV_IRQHandler                       0x0800026f   Thumb Code     0  startup_stm32f40_41xxx.o(.text)
    I2C3_ER_IRQHandler                       0x0800026f   Thumb Code     0  startup_stm32f40_41xxx.o(.text)
    I2C3_EV_IRQHandler                       0x0800026f   Thumb Code     0  startup_stm32f40_41xxx.o(.text)
    OTG_FS_IRQHandler                        0x0800026f   Thumb Code     0  startup_stm32f40_41xxx.o(.text)
    OTG_FS_WKUP_IRQHandler                   0x0800026f   Thumb Code     0  startup_stm32f40_41xxx.o(.text)
    OTG_HS_EP1_IN_IRQHandler                 0x0800026f   Thumb Code     0  startup_stm32f40_41xxx.o(.text)
    OTG_HS_EP1_OUT_IRQHandler                0x0800026f   Thumb Code     0  startup_stm32f40_41xxx.o(.text)
    OTG_HS_IRQHandler                        0x0800026f   Thumb Code     0  startup_stm32f40_41xxx.o(.text)
    OTG_HS_WKUP_IRQHandler                   0x0800026f   Thumb Code     0  startup_stm32f40_41xxx.o(.text)
    PVD_IRQHandler                           0x0800026f   Thumb Code     0  startup_stm32f40_41xxx.o(.text)
    RCC_IRQHandler                           0x0800026f   Thumb Code     0  startup_stm32f40_41xxx.o(.text)
    RTC_Alarm_IRQHandler                     0x0800026f   Thumb Code     0  startup_stm32f40_41xxx.o(.text)
    RTC_WKUP_IRQHandler                      0x0800026f   Thumb Code     0  startup_stm32f40_41xxx.o(.text)
    SDIO_IRQHandler                          0x0800026f   Thumb Code     0  startup_stm32f40_41xxx.o(.text)
    SPI1_IRQHandler                          0x0800026f   Thumb Code     0  startup_stm32f40_41xxx.o(.text)
    SPI2_IRQHandler                          0x0800026f   Thumb Code     0  startup_stm32f40_41xxx.o(.text)
    SPI3_IRQHandler                          0x0800026f   Thumb Code     0  startup_stm32f40_41xxx.o(.text)
    TAMP_STAMP_IRQHandler                    0x0800026f   Thumb Code     0  startup_stm32f40_41xxx.o(.text)
    TIM1_BRK_TIM9_IRQHandler                 0x0800026f   Thumb Code     0  startup_stm32f40_41xxx.o(.text)
    TIM1_CC_IRQHandler                       0x0800026f   Thumb Code     0  startup_stm32f40_41xxx.o(.text)
    TIM1_TRG_COM_TIM11_IRQHandler            0x0800026f   Thumb Code     0  startup_stm32f40_41xxx.o(.text)
    TIM1_UP_TIM10_IRQHandler                 0x0800026f   Thumb Code     0  startup_stm32f40_41xxx.o(.text)
    TIM3_IRQHandler                          0x0800026f   Thumb Code     0  startup_stm32f40_41xxx.o(.text)
    TIM4_IRQHandler                          0x0800026f   Thumb Code     0  startup_stm32f40_41xxx.o(.text)
    TIM5_IRQHandler                          0x0800026f   Thumb Code     0  startup_stm32f40_41xxx.o(.text)
    TIM6_DAC_IRQHandler                      0x0800026f   Thumb Code     0  startup_stm32f40_41xxx.o(.text)
    TIM7_IRQHandler                          0x0800026f   Thumb Code     0  startup_stm32f40_41xxx.o(.text)
    TIM8_BRK_TIM12_IRQHandler                0x0800026f   Thumb Code     0  startup_stm32f40_41xxx.o(.text)
    TIM8_CC_IRQHandler                       0x0800026f   Thumb Code     0  startup_stm32f40_41xxx.o(.text)
    TIM8_TRG_COM_TIM14_IRQHandler            0x0800026f   Thumb Code     0  startup_stm32f40_41xxx.o(.text)
    TIM8_UP_TIM13_IRQHandler                 0x0800026f   Thumb Code     0  startup_stm32f40_41xxx.o(.text)
    UART4_IRQHandler                         0x0800026f   Thumb Code     0  startup_stm32f40_41xxx.o(.text)
    UART5_IRQHandler                         0x0800026f   Thumb Code     0  startup_stm32f40_41xxx.o(.text)
    USART2_IRQHandler                        0x0800026f   Thumb Code     0  startup_stm32f40_41xxx.o(.text)
    USART3_IRQHandler                        0x0800026f   Thumb Code     0  startup_stm32f40_41xxx.o(.text)
    USART6_IRQHandler                        0x0800026f   Thumb Code     0  startup_stm32f40_41xxx.o(.text)
    WWDG_IRQHandler                          0x0800026f   Thumb Code     0  startup_stm32f40_41xxx.o(.text)
    __scatterload                            0x08000279   Thumb Code    28  init.o(.text)
    __scatterload_rt2                        0x08000279   Thumb Code     0  init.o(.text)
    BusFault_Handler                         0x0800029d   Thumb Code     4  stm32f4xx_it.o(i.BusFault_Handler)
    DebugMon_Handler                         0x080002a1   Thumb Code     2  stm32f4xx_it.o(i.DebugMon_Handler)
    HardFault_Handler                        0x080002a3   Thumb Code     4  stm32f4xx_it.o(i.HardFault_Handler)
    MemManage_Handler                        0x080002a7   Thumb Code     4  stm32f4xx_it.o(i.MemManage_Handler)
    NMI_Handler                              0x080002ab   Thumb Code     2  stm32f4xx_it.o(i.NMI_Handler)
    SysTick_Handler                          0x08000399   Thumb Code     8  stm32f4xx_it.o(i.SysTick_Handler)
    SystemInit                               0x080003a1   Thumb Code    88  system_stm32f4xx.o(i.SystemInit)
    TIM2_IRQHandler                          0x08000409   Thumb Code    32  tim.o(i.TIM2_IRQHandler)
    TIM_ClearITPendingBit                    0x0800042d   Thumb Code     6  stm32f4xx_tim.o(i.TIM_ClearITPendingBit)
    TIM_GetITStatus                          0x08000433   Thumb Code    34  stm32f4xx_tim.o(i.TIM_GetITStatus)
    USART1_IRQHandler                        0x08000455   Thumb Code    38  usart1.o(i.USART1_IRQHandler)
    USART_ClearITPendingBit                  0x08000485   Thumb Code    30  stm32f4xx_usart.o(i.USART_ClearITPendingBit)
    USART_GetITStatus                        0x080004a3   Thumb Code    84  stm32f4xx_usart.o(i.USART_GetITStatus)
    USART_ReceiveData                        0x080004f7   Thumb Code    10  stm32f4xx_usart.o(i.USART_ReceiveData)
    UsageFault_Handler                       0x08000501   Thumb Code     4  stm32f4xx_it.o(i.UsageFault_Handler)
    __scatterload_copy                       0x08000505   Thumb Code    14  handlers.o(i.__scatterload_copy)
    __scatterload_null                       0x08000513   Thumb Code     2  handlers.o(i.__scatterload_null)
    __scatterload_zeroinit                   0x08000515   Thumb Code    14  handlers.o(i.__scatterload_zeroinit)
    main                                     0x08000523   Thumb Code     4  main.o(i.main)
    uxListRemove                             0x0800055d   Thumb Code    40  list.o(i.uxListRemove)
    vListInsertEnd                           0x08000585   Thumb Code    24  list.o(i.vListInsertEnd)
    vTaskSwitchContext                       0x0800059d   Thumb Code   128  tasks.o(i.vTaskSwitchContext)
    xPortSysTickHandler                      0x0800063d   Thumb Code    46  port.o(i.xPortSysTickHandler)
    xTaskIncrementTick                       0x08000671   Thumb Code   238  tasks.o(i.xTaskIncrementTick)
    Region$$Table$$Base                      0x0800078c   Number         0  anon$$obj.o(Region$$Table)
    Region$$Table$$Limit                     0x080007ac   Number         0  anon$$obj.o(Region$$Table)
    pxCurrentTCB                             0x20000000   Data           4  tasks.o(.data)
    Tim2_usCnt                               0x20000044   Data           4  tim.o(.data)
    CPU_RunTime                              0x20000048   Data           4  tim.o(.data)
    rx_buffer                                0x20000330   Data          50  usart1.o(.bss)
    __initial_sp                             0x20000768   Data           0  startup_stm32f40_41xxx.o(STACK)



==============================================================================

Memory Map of the image

  Image Entry point : 0x08000189

  Load Region LR_IROM1 (Base: 0x08000000, Size: 0x000007f8, Max: 0x00080000, ABSOLUTE)

    Execution Region ER_IROM1 (Base: 0x08000000, Size: 0x000007ac, Max: 0x00080000, ABSOLUTE)

    Base Addr    Size         Type   Attr      Idx    E Section Name        Object

    0x08000000   0x00000188   Data   RO         2738    RESET               startup_stm32f40_41xxx.o
    0x08000188   0x00000000   Code   RO         3971  * .ARM.Collect$$$$00000000  mc_w.l(entry.o)
    0x08000188   0x00000004   Code   RO         4247    .ARM.Collect$$$$00000001  mc_w.l(entry2.o)
    0x0800018c   0x00000004   Code   RO         4250    .ARM.Collect$$$$00000004  mc_w.l(entry5.o)
    0x08000190   0x00000000   Code   RO         4252    .ARM.Collect$$$$00000008  mc_w.l(entry7b.o)
    0x08000190   0x00000000   Code   RO         4254    .ARM.Collect$$$$0000000A  mc_w.l(entry8b.o)
    0x08000190   0x00000008   Code   RO         4255    .ARM.Collect$$$$0000000B  mc_w.l(entry9a.o)
    0x08000198   0x00000000   Code   RO         4257    .ARM.Collect$$$$0000000D  mc_w.l(entry10a.o)
    0x08000198   0x00000000   Code   RO         4259    .ARM.Collect$$$$0000000F  mc_w.l(entry11a.o)
    0x08000198   0x00000004   Code   RO         4248    .ARM.Collect$$$$00002712  mc_w.l(entry2.o)
    0x0800019c   0x000000b6   Code   RO          153    .emb_text           port.o
    0x08000252   0x00000002   PAD
    0x08000254   0x00000024   Code   RO         2739    .text               startup_stm32f40_41xxx.o
    0x08000278   0x00000024   Code   RO         4279    .text               mc_w.l(init.o)
    0x0800029c   0x00000004   Code   RO         3851    i.BusFault_Handler  stm32f4xx_it.o
    0x080002a0   0x00000002   Code   RO         3852    i.DebugMon_Handler  stm32f4xx_it.o
    0x080002a2   0x00000004   Code   RO         3853    i.HardFault_Handler  stm32f4xx_it.o
    0x080002a6   0x00000004   Code   RO         3854    i.MemManage_Handler  stm32f4xx_it.o
    0x080002aa   0x00000002   Code   RO         3855    i.NMI_Handler       stm32f4xx_it.o
    0x080002ac   0x000000ec   Code   RO         3936    i.SetSysClock       system_stm32f4xx.o
    0x08000398   0x00000008   Code   RO         3856    i.SysTick_Handler   stm32f4xx_it.o
    0x080003a0   0x00000068   Code   RO         3938    i.SystemInit        system_stm32f4xx.o
    0x08000408   0x00000024   Code   RO         3343    i.TIM2_IRQHandler   tim.o
    0x0800042c   0x00000006   Code   RO         1999    i.TIM_ClearITPendingBit  stm32f4xx_tim.o
    0x08000432   0x00000022   Code   RO         2025    i.TIM_GetITStatus   stm32f4xx_tim.o
    0x08000454   0x00000030   Code   RO         3423    i.USART1_IRQHandler  usart1.o
    0x08000484   0x0000001e   Code   RO         2551    i.USART_ClearITPendingBit  stm32f4xx_usart.o
    0x080004a2   0x00000054   Code   RO         2558    i.USART_GetITStatus  stm32f4xx_usart.o
    0x080004f6   0x0000000a   Code   RO         2568    i.USART_ReceiveData  stm32f4xx_usart.o
    0x08000500   0x00000004   Code   RO         3857    i.UsageFault_Handler  stm32f4xx_it.o
    0x08000504   0x0000000e   Code   RO         4287    i.__scatterload_copy  mc_w.l(handlers.o)
    0x08000512   0x00000002   Code   RO         4288    i.__scatterload_null  mc_w.l(handlers.o)
    0x08000514   0x0000000e   Code   RO         4289    i.__scatterload_zeroinit  mc_w.l(handlers.o)
    0x08000522   0x00000004   Code   RO         3814    i.main              main.o
    0x08000526   0x00000002   PAD
    0x08000528   0x00000034   Code   RO          579    i.prvResetNextTaskUnblockTime  tasks.o
    0x0800055c   0x00000028   Code   RO          352    i.uxListRemove      list.o
    0x08000584   0x00000018   Code   RO          356    i.vListInsertEnd    list.o
    0x0800059c   0x000000a0   Code   RO          609    i.vTaskSwitchContext  tasks.o
    0x0800063c   0x00000034   Code   RO          161    i.xPortSysTickHandler  port.o
    0x08000670   0x0000011c   Code   RO          617    i.xTaskIncrementTick  tasks.o
    0x0800078c   0x00000020   Data   RO         4285    Region$$Table       anon$$obj.o


    Execution Region RW_IRAM1 (Base: 0x20000000, Size: 0x00000768, Max: 0x00020000, ABSOLUTE)

    Base Addr    Size         Type   Attr      Idx    E Section Name        Object

    0x20000000   0x00000044   Data   RW          625    .data               tasks.o
    0x20000044   0x00000008   Data   RW         3345    .data               tim.o
    0x2000004c   0x000002e4   Zero   RW          624    .bss                tasks.o
    0x20000330   0x00000032   Zero   RW         3425    .bss                usart1.o
    0x20000362   0x00000006   PAD
    0x20000368   0x00000400   Zero   RW         2736    STACK               startup_stm32f40_41xxx.o


==============================================================================

Image component sizes


      Code (inc. data)   RO Data    RW Data    ZI Data      Debug   Object Name

         0          0          0          0          0     264888   heap_4.o
        64          0          0          0          0       1564   list.o
         4          0          0          0          0        447   main.o
       234         22          0          0          0       3838   port.o
        36          8        392          0       1024        868   startup_stm32f40_41xxx.o
        28          0          0          0          0       3263   stm32f4xx_it.o
        40          0          0          0          0       1858   stm32f4xx_tim.o
       124          0          0          0          0       2678   stm32f4xx_usart.o
       340         32          0          0          0       1497   system_stm32f4xx.o
       496         88          0         68        740      13897   tasks.o
        36          4          0          8          0       1067   tim.o
        48         10          0          0         50       1064   usart1.o

    ----------------------------------------------------------------------
      1454        164        424         76       1820     296929   Object Totals
         0          0         32          0          0          0   (incl. Generated)
         4          0          0          0          6          0   (incl. Padding)

    ----------------------------------------------------------------------

      Code (inc. data)   RO Data    RW Data    ZI Data      Debug   Library Member Name

         0          0          0          0          0          0   entry.o
         0          0          0          0          0          0   entry10a.o
         0          0          0          0          0          0   entry11a.o
         8          4          0          0          0          0   entry2.o
         4          0          0          0          0          0   entry5.o
         0          0          0          0          0          0   entry7b.o
         0          0          0          0          0          0   entry8b.o
         8          4          0          0          0          0   entry9a.o
        30          0          0          0          0          0   handlers.o
        36          8          0          0          0         68   init.o

    ----------------------------------------------------------------------
        86         16          0          0          0         68   Library Totals
         0          0          0          0          0          0   (incl. Padding)

    ----------------------------------------------------------------------

      Code (inc. data)   RO Data    RW Data    ZI Data      Debug   Library Name

        86         16          0          0          0         68   mc_w.l

    ----------------------------------------------------------------------
        86         16          0          0          0         68   Library Totals

    ----------------------------------------------------------------------

==============================================================================


      Code (inc. data)   RO Data    RW Data    ZI Data      Debug   

      1540        180        424         76       1820     295301   Grand Totals
      1540        180        424         76       1820     295301   ELF Image Totals
      1540        180        424         76          0          0   ROM Totals

==============================================================================

    Total RO  Size (Code + RO Data)                 1964 (   1.92kB)
    Total RW  Size (RW Data + ZI Data)              1896 (   1.85kB)
    Total ROM Size (Code + RO Data + RW Data)       2040 (   1.99kB)

==============================================================================

