<html>
<body>
<pre>
<h1>µVision Build Log</h1>
<h2>Tool Versions:</h2>
IDE-Version: ¦ÌVision V5.18.0.0
Copyright (C) 2016 ARM Ltd and ARM Germany GmbH. All rights reserved.
License Information: 1 12, 1, LIC=X96CK-ZMVTE-X72RZ-JMB4A-3JTCU-GC64W
 
Tool Versions:
Toolchain:       MDK-ARM Plus  Version: 5.14.0.0
Toolchain Path:  D:\keil\ARM\ARMCC\Bin
C Compiler:      Armcc.exe V5.05 update 1 (build 106)
Assembler:       Armasm.exe V5.05 update 1 (build 106)
Linker/Locator:  ArmLink.exe V5.05 update 1 (build 106)
Library Manager: ArmAr.exe V5.05 update 1 (build 106)
Hex Converter:   FromElf.exe V5.05 update 1 (build 106)
CPU DLL:         SARMCM3.DLL V5.14.0.0
Dialog DLL:      DCM.DLL V1.13.1.0
Target DLL:      UL2CM3.DLL V1.155.0.0
Dialog DLL:      TCM.DLL V1.14.4.0
 
<h2>Project:</h2>
C:\Users\86155\Desktop\RoboMaster _LangYa\Task\Project_f4xx\User\HUST RM .uvprojx
Project File Date:  03/12/2024

<h2>Output:</h2>
*** Using Compiler 'V5.05 update 1 (build 106)', folder: 'D:\keil\ARM\ARMCC\Bin'
Build target 'Target 1'
compiling tim.c...
compiling Start_Task.c...
compiling lcd.c...
compiling usart1.c...
compiling wifi.c...
compiling key.c...
compiling spi.c...
compiling algorithmOfCRC.c...
compiling SD.c...
compiling main.c...
linking...
Program Size: Code=1540 RO-data=424 RW-data=76 ZI-data=1820  
FromELF: creating hex file...
".\Objects\HUST RM.axf" - 0 Error(s), 0 Warning(s).

<h2>Collection of Component include folders:</h2>
  C:\Users\86155\Desktop\RoboMaster _LangYa\Task\Project_f4xx\User\RTE
  D:\keil\ARM\PACK\Keil\STM32F4xx_DFP\2.17.1\Drivers\CMSIS\Device\ST\STM32F4xx\Include

<h2>Collection of Component Files used:</h2>
Build Time Elapsed:  00:00:02
</pre>
</body>
</html>
